Archive member included to satisfy reference by file (symbol)

third_party/psyq/lib\libc.a(c47.o)
                              subdiv.o (rand)
third_party/psyq/lib\libetc.a(pad.o)
                              main.o (PadRead)
third_party/psyq/lib\libetc.a(vsync.o)
                              main.o (VSync)
third_party/psyq/lib\libetc.a(intr.o)
                              third_party/psyq/lib\libetc.a(pad.o) (ResetCallback)
third_party/psyq/lib\libetc.a(intr_dma.o)
                              third_party/psyq/lib\libetc.a(intr.o) (startIntrDMA)
third_party/psyq/lib\libetc.a(intr_vb.o)
                              third_party/psyq/lib\libetc.a(vsync.o) (Vcount)
third_party/psyq/lib\libgpu.a(e03.o)
                              main.o (SetDefDrawEnv)
third_party/psyq/lib\libgpu.a(e04.o)
                              main.o (SetDefDispEnv)
third_party/psyq/lib\libgpu.a(font.o)
                              main.o (FntFlush)
third_party/psyq/lib\libgpu.a(p06.o)
                              subdiv.o (AddPrim)
third_party/psyq/lib\libgpu.a(p09.o)
                              third_party/psyq/lib\libgpu.a(font.o) (TermPrim)
third_party/psyq/lib\libgpu.a(p10.o)
                              third_party/psyq/lib\libgpu.a(font.o) (SetSemiTrans)
third_party/psyq/lib\libgpu.a(p20.o)
                              third_party/psyq/lib\libgpu.a(font.o) (SetSprt8)
third_party/psyq/lib\libgpu.a(p26.o)
                              third_party/psyq/lib\libgpu.a(font.o) (SetTile)
third_party/psyq/lib\libgpu.a(p41.o)
                              third_party/psyq/lib\libgpu.a(font.o) (SetDrawMode)
third_party/psyq/lib\libgpu.a(sys.o)
                              main.o (ResetGraph)
third_party/psyq/lib\libgpu.a(e00.o)
                              third_party/psyq/lib\libgpu.a(font.o) (LoadTPage)
third_party/psyq/lib\libgpu.a(e02.o)
                              third_party/psyq/lib\libgpu.a(font.o) (LoadClut2)
third_party/psyq/lib\libgpu.a(p00.o)
                              third_party/psyq/lib\libgpu.a(e00.o) (GetTPage)
third_party/psyq/lib\libgpu.a(p01.o)
                              third_party/psyq/lib\libgpu.a(e02.o) (GetClut)
third_party/psyq/lib\libgte.a(cmb_07.o)
                              subdiv.o (RotAverageNclip4)
third_party/psyq/lib\libgte.a(fgo_08.o)
                              main.o (RotMatrixZXY)
third_party/psyq/lib\libgte.a(geo_00.o)
                              main.o (rsin)
third_party/psyq/lib\libgte.a(msc00.o)
                              main.o (InitGeom)
third_party/psyq/lib\libgte.a(mtx_004.o)
                              main.o (ApplyMatrixLV)
third_party/psyq/lib\libgte.a(mtx_07.o)
                              main.o (TransMatrix)
third_party/psyq/lib\libgte.a(mtx_09.o)
                              main.o (SetRotMatrix)
third_party/psyq/lib\libgte.a(mtx_12.o)
                              main.o (SetTransMatrix)
third_party/psyq/lib\libgte.a(patchgte.o)
                              third_party/psyq/lib\libgte.a(msc00.o) (_patch_gte)
third_party/psyq/lib\libgte.a(reg12.o)
                              main.o (SetGeomOffset)
third_party/psyq/lib\libgte.a(reg13.o)
                              main.o (SetGeomScreen)
third_party/psyq/lib\libgte.a(sincos.o)
                              third_party/psyq/lib\libgte.a(geo_00.o) (rsin_tbl)
third_party/psyq/lib\libgte.a(cstbl.o)
                              third_party/psyq/lib\libgte.a(fgo_08.o) (rcossin_tbl)
third_party/psyq/lib\libapi.a(a22.o)
                              third_party/psyq/lib\libetc.a(pad.o) (PAD_dr)
third_party/psyq/lib\libapi.a(a23.o)
                              third_party/psyq/lib\libetc.a(intr.o) (ReturnFromException)
third_party/psyq/lib\libapi.a(a24.o)
                              third_party/psyq/lib\libetc.a(intr.o) (ResetEntryInt)
third_party/psyq/lib\libapi.a(a25.o)
                              third_party/psyq/lib\libetc.a(intr.o) (HookEntryInt)
third_party/psyq/lib\libapi.a(a36.o)
                              third_party/psyq/lib\libetc.a(intr.o) (EnterCriticalSection)
third_party/psyq/lib\libapi.a(a37.o)
                              third_party/psyq/lib\libetc.a(intr.o) (ExitCriticalSection)
third_party/psyq/lib\libapi.a(a91.o)
                              third_party/psyq/lib\libetc.a(pad.o) (ChangeClearPAD)
third_party/psyq/lib\libapi.a(c114.o)
                              third_party/psyq/lib\libetc.a(intr.o) (_96_remove)
third_party/psyq/lib\libapi.a(c68.o)
                              third_party/psyq/lib\libgte.a(patchgte.o) (FlushCache)
third_party/psyq/lib\libapi.a(c73.o)
                              third_party/psyq/lib\libgpu.a(sys.o) (GPU_cw)
third_party/psyq/lib\libapi.a(l10.o)
                              third_party/psyq/lib\libetc.a(vsync.o) (ChangeClearRCnt)
third_party/psyq/lib\libapi.a(pad.o)
                              third_party/psyq/lib\libetc.a(pad.o) (PAD_init)
third_party/psyq/lib\libapi.a(patch.o)
                              third_party/psyq/lib\libapi.a(pad.o) (_patch_pad)
third_party/psyq/lib\libapi.a(a18.o)
                              third_party/psyq/lib\libapi.a(pad.o) (InitPAD2)
third_party/psyq/lib\libapi.a(a19.o)
                              third_party/psyq/lib\libapi.a(pad.o) (StartPAD2)
third_party/psyq/lib\libapi.a(a21.o)
                              third_party/psyq/lib\libapi.a(pad.o) (PAD_init2)
third_party/psyq/lib\libapi.a(chclrpad.o)
                              third_party/psyq/lib\libapi.a(pad.o) (_remove_ChgclrPAD)
third_party/psyq/lib\libapi.a(l02.o)
                              third_party/psyq/lib\libapi.a(pad.o) (SysEnqIntRP)
third_party/psyq/lib\libapi.a(l03.o)
                              third_party/psyq/lib\libapi.a(pad.o) (SysDeqIntRP)
third_party/psyq/lib\libc.a(a63.o)
                              third_party/psyq/lib\libetc.a(vsync.o) (puts)
third_party/psyq/lib\libc.a(c19.o)
                              third_party/psyq/lib\libetc.a(intr.o) (setjmp)
third_party/psyq/lib\libc.a(c27.o)
                              third_party/psyq/lib\libgpu.a(font.o) (strlen)
third_party/psyq/lib\libc.a(c42.o)
                              third_party/psyq/lib\libgpu.a(sys.o) (memcpy)
third_party/psyq/lib\libc.a(c43.o)
                              third_party/psyq/lib\libgpu.a(font.o) (memset)
third_party/psyq/lib\libc.a(c63.o)
                              third_party/psyq/lib\libetc.a(intr.o) (printf)
third_party/psyq/lib\libetc.a(vmode.o)
                              third_party/psyq/lib\libgpu.a(e03.o) (GetVideoMode)

Discarded input sections

 .text          0x00000000        0x0 third_party/nugget/common/crt0/crt0.o
 .bss           0x00000000        0x0 third_party/nugget/common/crt0/crt0.o
 .MIPS.abiflags
                0x00000000       0x18 third_party/nugget/common/crt0/crt0.o
 .text          0x00000000        0x0 main.o
 .reginfo       0x00000000       0x18 main.o
 .MIPS.abiflags
                0x00000000       0x18 main.o
 .pdr           0x00000000      0x100 main.o
 .text          0x00000000        0x0 subdiv.o
 .reginfo       0x00000000       0x18 subdiv.o
 .MIPS.abiflags
                0x00000000       0x18 subdiv.o
 .pdr           0x00000000       0xc0 subdiv.o
 .text.drawWireframeQuad
                0x00000000      0x38c subdiv.o

Memory Configuration

Name             Origin             Length             Attributes
loader           0x8000f800         0x00000800
ram              0x80010000         0x001f0000         xrw
dcache           0x1f800000         0x00000400
*default*        0x00000000         0xffffffff

Linker script and memory map

LOAD third_party/nugget/common/crt0/crt0.o
LOAD main.o
LOAD subdiv.o
START GROUP
LOAD third_party/psyq/lib\libapi.a
LOAD third_party/psyq/lib\libc.a
LOAD third_party/psyq/lib\libc2.a
LOAD third_party/psyq/lib\libcard.a
LOAD third_party/psyq/lib\libcd.a
LOAD third_party/psyq/lib\libcomb.a
LOAD third_party/psyq/lib\libds.a
LOAD third_party/psyq/lib\libetc.a
LOAD third_party/psyq/lib\libgpu.a
LOAD third_party/psyq/lib\libgs.a
LOAD third_party/psyq/lib\libgte.a
LOAD third_party/psyq/lib\libgun.a
LOAD third_party/psyq/lib\libhmd.a
LOAD third_party/psyq/lib\libmath.a
LOAD third_party/psyq/lib\libmcrd.a
LOAD third_party/psyq/lib\libmcx.a
LOAD third_party/psyq/lib\libpad.a
LOAD third_party/psyq/lib\libpress.a
LOAD third_party/psyq/lib\libsio.a
LOAD third_party/psyq/lib\libsnd.a
LOAD third_party/psyq/lib\libspu.a
LOAD third_party/psyq/lib\libtap.a
END GROUP
                0x801de5b0                        __heap_base = __bss_end
                0x80010000                        TLOAD_ADDR = DEFINED (TLOAD_ADDR)?TLOAD_ADDR:0x80010000
                0x80200000                        __ram_top = (ORIGIN (ram) + LENGTH (ram))
                0x801fff00                        __sp = (__ram_top - 0x100)
                0x1f800000                        __dcache = ORIGIN (dcache)
                0x1f800400                        __dcache_top = (ORIGIN (dcache) + LENGTH (dcache))
                0x001bfdb0                        __bss_len = (__bss_end - __bss_start)
                0x00007830                        __ftext_len = (__ftext_end - __ftext_start)
                0x00006fd0                        __fdata_len = (__fdata_end - __fdata_start)
                0x80200000                        __stack_start = (ORIGIN (ram) + LENGTH (ram))

.PSX_EXE_Header
                0x8000f800      0x800
                0x8000f800        0x1 BYTE 0x50
                0x8000f801        0x1 BYTE 0x53
                0x8000f802        0x1 BYTE 0x2d
                0x8000f803        0x1 BYTE 0x58
                0x8000f804        0x1 BYTE 0x20
                0x8000f805        0x1 BYTE 0x45
                0x8000f806        0x1 BYTE 0x58
                0x8000f807        0x1 BYTE 0x45
                0x8000f808        0x4 LONG 0x0
                0x8000f80c        0x4 LONG 0x0
                0x8000f810        0x4 LONG 0x80010000 ABSOLUTE (_start)
                0x8000f814        0x4 LONG 0x0
                0x8000f818        0x4 LONG 0x80010000 TLOAD_ADDR
                0x8000f81c        0x4 LONG 0xe800 (__ftext_len + __fdata_len)
                0x8000f820        0x4 LONG 0x0
                0x8000f824        0x4 LONG 0x0
                0x8000f828        0x4 LONG 0x0
                0x8000f82c        0x4 LONG 0x0
                0x8000f830        0x4 LONG 0x801fff00 DEFINED (_sp)?ABSOLUTE (_sp):0x801fff00
                0x8000f834        0x4 LONG 0x0
                0x80010000                        . = (. + 0x7c8)
 *fill*         0x8000f838      0x7c8 
                0x80010000                        __ftext_start = ABSOLUTE (.)

.text           0x80010000     0x7830
 *(.start)
 .start         0x80010000       0x64 third_party/nugget/common/crt0/crt0.o
                0x80010000                _start
 *(.init)
 *(SORT_NONE(.fini))
 *(.text.unlikely .text.*_unlikely .text.unlikely.*)
 *(.text.exit .text.exit.*)
 *(.text.startup .text.startup.*)
 *(.text.hot .text.hot.*)
 *(.text .stub .text.* .gnu.linkonce.t.*)
 .text.sin      0x80010064      0x170 main.o
                0x80010064                sin
 .text.cos      0x800101d4       0x34 main.o
                0x800101d4                cos
 .text.getMapTileId
                0x80010208       0x90 main.o
                0x80010208                getMapTileId
 .text.initAllVertices
                0x80010298      0x268 main.o
                0x80010298                initAllVertices
 .text.initAllFaces
                0x80010500      0x8c4 main.o
                0x80010500                initAllFaces
 .text.movePlayer
                0x80010dc4       0xf8 main.o
                0x80010dc4                movePlayer
 .text.render   0x80010ebc      0x49c main.o
                0x80010ebc                render
 .text.main     0x80011358      0x2d0 main.o
                0x80011358                main
 .text.initPolys
                0x80011628      0x1e8 subdiv.o
                0x80011628                initPolys
 .text.drawQuadRec
                0x80011810      0x7ac subdiv.o
 .text.drawQuad
                0x80011fbc       0x5c subdiv.o
                0x80011fbc                drawQuad
 .text.clearOT  0x80012018       0x38 subdiv.o
                0x80012018                clearOT
 .text.drawOT   0x80012050       0x2c subdiv.o
                0x80012050                drawOT
 *fill*         0x8001207c        0x4 
 .text          0x80012080       0x10 third_party/psyq/lib\libc.a(c47.o)
                0x80012080                rand
 .text          0x80012090       0x80 third_party/psyq/lib\libetc.a(pad.o)
                0x80012090                PadInit
                0x800120dc                PadRead
 .text          0x80012110      0x210 third_party/psyq/lib\libetc.a(vsync.o)
                0x80012110                VSync
 .text          0x80012320      0x6c0 third_party/psyq/lib\libetc.a(intr.o)
                0x80012320                ResetCallback
                0x80012350                InterruptCallback
                0x80012380                DMACallback
                0x800123b0                VSyncCallback
                0x800123e4                VSyncCallbacks
                0x80012414                StopCallback
                0x80012444                RestartCallback
                0x80012474                CheckCallback
                0x80012484                GetIntrMask
                0x8001249c                SetIntrMask
 .text          0x800129e0      0x2a0 third_party/psyq/lib\libetc.a(intr_dma.o)
                0x800129e0                startIntrDMA
 .text          0x80012c80      0x120 third_party/psyq/lib\libetc.a(intr_vb.o)
                0x80012c80                startIntrVSync
 .text          0x80012da0       0xc0 third_party/psyq/lib\libgpu.a(e03.o)
                0x80012da0                SetDefDrawEnv
 .text          0x80012e60       0x40 third_party/psyq/lib\libgpu.a(e04.o)
                0x80012e60                SetDefDispEnv
 .text          0x80012ea0      0xa80 third_party/psyq/lib\libgpu.a(font.o)
                0x80012ea0                SetDumpFnt
                0x80012ee0                FntLoad
                0x80012f80                FntOpen
                0x8001323c                FntFlush
                0x80013558                FntPrint
 .text          0x80013920       0x40 third_party/psyq/lib\libgpu.a(p06.o)
                0x80013920                AddPrim
 .text          0x80013960       0x20 third_party/psyq/lib\libgpu.a(p09.o)
                0x80013960                TermPrim
 .text          0x80013980       0x30 third_party/psyq/lib\libgpu.a(p10.o)
                0x80013980                SetSemiTrans
 .text          0x800139b0       0x20 third_party/psyq/lib\libgpu.a(p20.o)
                0x800139b0                SetSprt8
 .text          0x800139d0       0x20 third_party/psyq/lib\libgpu.a(p26.o)
                0x800139d0                SetTile
 .text          0x800139f0       0xa0 third_party/psyq/lib\libgpu.a(p41.o)
                0x800139f0                SetDrawMode
 .text          0x80013a90     0x2f00 third_party/psyq/lib\libgpu.a(sys.o)
                0x80013a90                ResetGraph
                0x80013c04                SetGraphDebug
                0x80013c60                SetGraphQueue
                0x80013d04                GetGraphDebug
                0x80013d14                DrawSyncCallback
                0x80013d74                SetDispMask
                0x80013e0c                DrawSync
                0x80013f90                ClearImage
                0x80014020                ClearImage2
                0x800140b8                LoadImage
                0x80014118                StoreImage
                0x80014178                MoveImage
                0x80014230                ClearOTag
                0x800142f8                ClearOTagR
                0x800143a4                DrawPrim
                0x80014400                DrawOTag
                0x80014470                PutDrawEnv
                0x80014530                DrawOTagEnv
                0x80014608                GetDrawEnv
                0x8001463c                PutDispEnv
                0x80014b34                GetDispEnv
                0x80014b68                GetODE
                0x80014b98                SetDrawArea
                0x80014c18                SetDrawOffset
                0x80014c58                SetDrawEnv
                0x80016528                LoadImage2
                0x80016614                StoreImage2
                0x80016700                MoveImage2
                0x80016844                DrawOTag2
                0x80016940                _GPU_ResetCallback
 .text          0x80016990       0xf0 third_party/psyq/lib\libgpu.a(e00.o)
                0x80016990                LoadTPage
 .text          0x80016a80       0x70 third_party/psyq/lib\libgpu.a(e02.o)
                0x80016a80                LoadClut2
 .text          0x80016af0       0x40 third_party/psyq/lib\libgpu.a(p00.o)
                0x80016af0                GetTPage
 .text          0x80016b30       0x20 third_party/psyq/lib\libgpu.a(p01.o)
                0x80016b30                GetClut
 .text          0x80016b50       0xb0 third_party/psyq/lib\libgte.a(cmb_07.o)
                0x80016b50                RotAverageNclip4
 .text          0x80016c00      0x290 third_party/psyq/lib\libgte.a(fgo_08.o)
                0x80016c00                RotMatrixZXY
 .text          0x80016e90       0xd0 third_party/psyq/lib\libgte.a(geo_00.o)
                0x80016e90                rsin
                0x80016ecc                sin_1
 .text          0x80016f60       0x90 third_party/psyq/lib\libgte.a(msc00.o)
                0x80016f68                InitGeom
 .text          0x80016ff0      0x160 third_party/psyq/lib\libgte.a(mtx_004.o)
                0x80016ff0                ApplyMatrixLV
 .text          0x80017150       0x30 third_party/psyq/lib\libgte.a(mtx_07.o)
                0x80017150                TransMatrix
 .text          0x80017180       0x30 third_party/psyq/lib\libgte.a(mtx_09.o)
                0x80017180                SetRotMatrix
 .text          0x800171b0       0x20 third_party/psyq/lib\libgte.a(mtx_12.o)
                0x800171b0                SetTransMatrix
 .text          0x800171d0       0xe0 third_party/psyq/lib\libgte.a(patchgte.o)
                0x800171d0                _patch_gte
 .text          0x800172b0       0x20 third_party/psyq/lib\libgte.a(reg12.o)
                0x800172b0                SetGeomOffset
 .text          0x800172d0       0x10 third_party/psyq/lib\libgte.a(reg13.o)
                0x800172d0                SetGeomScreen
 .text          0x800172e0       0x10 third_party/psyq/lib\libapi.a(a22.o)
                0x800172e0                PAD_dr
 .text          0x800172f0       0x10 third_party/psyq/lib\libapi.a(a23.o)
                0x800172f0                ReturnFromException
 .text          0x80017300       0x10 third_party/psyq/lib\libapi.a(a24.o)
                0x80017300                ResetEntryInt
 .text          0x80017310       0x10 third_party/psyq/lib\libapi.a(a25.o)
                0x80017310                HookEntryInt
 .text          0x80017320       0x10 third_party/psyq/lib\libapi.a(a36.o)
                0x80017320                EnterCriticalSection
 .text          0x80017330       0x10 third_party/psyq/lib\libapi.a(a37.o)
                0x80017330                ExitCriticalSection
 .text          0x80017340       0x10 third_party/psyq/lib\libapi.a(a91.o)
                0x80017340                ChangeClearPAD
 .text          0x80017350       0x20 third_party/psyq/lib\libapi.a(c114.o)
                0x80017358                _96_remove
 .text          0x80017370       0x10 third_party/psyq/lib\libapi.a(c68.o)
                0x80017370                FlushCache
 .text          0x80017380       0x10 third_party/psyq/lib\libapi.a(c73.o)
                0x80017380                GPU_cw
 .text          0x80017390       0x10 third_party/psyq/lib\libapi.a(l10.o)
                0x80017390                ChangeClearRCnt
 .text          0x800173a0      0x290 third_party/psyq/lib\libapi.a(pad.o)
                0x800173a0                SetInitPadFlag
                0x800173ac                ReadInitPadFlag
                0x800173bc                PAD_init
                0x8001744c                InitPAD
                0x800174dc                StartPAD
 .text          0x80017630       0xa0 third_party/psyq/lib\libapi.a(patch.o)
                0x80017630                EnablePAD
                0x80017644                DisablePAD
                0x80017658                _patch_pad
 .text          0x800176d0       0x10 third_party/psyq/lib\libapi.a(a18.o)
                0x800176d0                InitPAD2
 .text          0x800176e0       0x10 third_party/psyq/lib\libapi.a(a19.o)
                0x800176e0                StartPAD2
 .text          0x800176f0       0x10 third_party/psyq/lib\libapi.a(a21.o)
                0x800176f0                PAD_init2
 .text          0x80017700       0x70 third_party/psyq/lib\libapi.a(chclrpad.o)
                0x80017700                _remove_ChgclrPAD
 .text          0x80017770       0x10 third_party/psyq/lib\libapi.a(l02.o)
                0x80017770                SysEnqIntRP
 .text          0x80017780       0x10 third_party/psyq/lib\libapi.a(l03.o)
                0x80017780                SysDeqIntRP
 .text          0x80017790       0x20 third_party/psyq/lib\libc.a(a63.o)
                0x80017798                puts
 .text          0x800177b0       0x10 third_party/psyq/lib\libc.a(c19.o)
                0x800177b0                setjmp
 .text          0x800177c0       0x10 third_party/psyq/lib\libc.a(c27.o)
                0x800177c0                strlen
 .text          0x800177d0       0x10 third_party/psyq/lib\libc.a(c42.o)
                0x800177d0                memcpy
 .text          0x800177e0       0x10 third_party/psyq/lib\libc.a(c43.o)
                0x800177e0                memset
 .text          0x800177f0       0x10 third_party/psyq/lib\libc.a(c63.o)
                0x800177f0                printf
 .text          0x80017800       0x30 third_party/psyq/lib\libetc.a(vmode.o)
                0x80017800                SetVideoMode
                0x80017814                GetVideoMode
                0x80017830                        . = ALIGN (0x10)
 *(.init)
                0x80017830                        . = ALIGN (0x10)
 *(.fini)
                0x80017830                        . = ALIGN (0x10)
                0x80017830                        __text_end = .
                0x80017830                        __ftext_end = ABSOLUTE (.)
                0x80017830                        __fdata_start = ABSOLUTE (.)

.rodata         0x80017830      0x3d0
 *(.rodata .rodata.* .rdata .rdata.* .gnu.linkonce.r.*)
 .rodata        0x80017830       0x10 third_party/nugget/common/crt0/crt0.o
 .rodata        0x80017840       0x43 main.o
 *fill*         0x80017883        0x1 
 .rodata        0x80017884        0xc subdiv.o
                0x80017884                k
 .rdata         0x80017890       0x10 third_party/psyq/lib\libetc.a(vsync.o)
 .rdata         0x800178a0       0x70 third_party/psyq/lib\libetc.a(intr.o)
 .rdata         0x80017910       0x30 third_party/psyq/lib\libetc.a(intr_dma.o)
 .rdata         0x80017940       0xa0 third_party/psyq/lib\libgpu.a(font.o)
 .rdata         0x800179e0      0x220 third_party/psyq/lib\libgpu.a(sys.o)
                0x80017c00                        . = ALIGN (0x10)
                0x80017c00                        __preinit_array_start = .
 *(.preinit_array)
                0x80017c00                        __preinit_array_end = .
                0x80017c00                        . = ALIGN (0x10)
                0x80017c00                        __init_array_start = .
 *(SORT_BY_NAME(.init_array.*))
 *(.init_array)
                0x80017c00                        . = ALIGN (0x10)
 *crtbegin.o(.ctors)
 *(EXCLUDE_FILE(*crtend.o) .ctors)
 *(SORT_BY_NAME(.ctors.*))
 *crtend.o(.ctors)
                0x80017c00                        __init_array_end = .
                0x80017c00                        . = ALIGN (0x10)
                0x80017c00                        __fini_array_start = .
 *(.fini_array)
 *(SORT_BY_NAME(.fini_array.*))
 *crtbegin.o(.dtors)
 *(EXCLUDE_FILE(*crtend.o) .dtors)
 *(SORT_BY_NAME(.dtors.*))
 *crtend.o(.dtors)
                0x80017c00                        __fini_array_end = .
                0x80017c00                        __build_id = .
 *(.note.gnu.build-id)
                0x80017c00                        __build_id_end = .

.rel.dyn        0x80017c00        0x0
 .rel.dyn       0x80017c00        0x0 third_party/psyq/lib\libgpu.a(sys.o)

.rodata1
 *(.rodata1)
                0x80017c00                        __data_start = .

.data           0x80017c00     0x6c00
 *(.data .data.* .gnu.linkonce.d.*)
 .data          0x80017c00        0x0 third_party/nugget/common/crt0/crt0.o
 .data          0x80017c00      0x410 main.o
                0x80017c00                map
                0x80018000                playerPosition
 .data          0x80018010        0x0 subdiv.o
 .data          0x80018010       0x20 third_party/psyq/lib\libetc.a(vsync.o)
                0x80018020                Hcount
 .data          0x80018030     0x1100 third_party/psyq/lib\libetc.a(intr.o)
 .data          0x80019130       0x30 third_party/psyq/lib\libetc.a(intr_dma.o)
 .data          0x80019160       0x30 third_party/psyq/lib\libetc.a(intr_vb.o)
                0x80019180                Vcount
 .data          0x80019190      0xb90 third_party/psyq/lib\libgpu.a(font.o)
                0x80019190                Font
 .data          0x80019d20      0x1a0 third_party/psyq/lib\libgpu.a(sys.o)
                0x80019d6c                GPU_printf
                0x80019d70                GEnv
                0x80019e98                _qin
                0x80019e9c                _qout
 .data          0x80019ec0       0x10 third_party/psyq/lib\libgte.a(msc00.o)
 .data          0x80019ed0      0x810 third_party/psyq/lib\libgte.a(sincos.o)
                0x80019ed0                rsin_tbl
 .data          0x8001a6e0     0x4000 third_party/psyq/lib\libgte.a(cstbl.o)
                0x8001a6e0                rcossin_tbl
 .data          0x8001e6e0       0x10 third_party/psyq/lib\libapi.a(pad.o)
 .data          0x8001e6f0       0x10 third_party/psyq/lib\libetc.a(vmode.o)
 *(.data1)
 *(.sdata .sdata.* .gnu.linkonce.s.*)
 *(.sdata2 .sdata2.* .gnu.linkonce.s2.*)
 *(.got.plt)
 *(.got)
                0x8001e800                        . = ALIGN (0x800)
 *fill*         0x8001e700      0x100 50414444
                0x8001e800                        __data_end = .
                0x8001e800                        __fdata_end = .
                0x8001e800                        __bss_start = .

.sbss           0x8001e800   0x1bfdb0
 *(.dynsbss)
 *(.sbss .sbss.* .gnu.linkonce.sb.*)
 .sbss          0x8001e800       0x10 main.o
                0x8001e800                db
                0x8001e804                facesCount
                0x8001e808                playerDirection
 .sbss          0x8001e810        0x4 subdiv.o
                0x8001e810                pi
 *(.scommon)
 *(.dynbss)
 *(.bss .bss.* .gnu.linkonce.b.*)
 .bss           0x8001e814    0x230e0 main.o
                0x8001e814                disp
                0x8001e83c                draw
                0x8001e8f4                ot
                0x8003e8f4                vertices
                0x8003f8f4                faces
 .bss           0x800418f4   0x197000 subdiv.o
                0x800418f4                oot
                0x800618f4                polys
                0x800ee2f4                vvm01
                0x8011d0f4                vvm02
                0x8014bef4                vvm03
                0x8017acf4                vvm12
                0x801a9af4                vvm32
 *fill*         0x801d88f4        0x4 
 .bss           0x801d88f8       0x14 third_party/psyq/lib\libetc.a(pad.o)
                0x801d8908                PadIdentifier
 *fill*         0x801d890c        0x4 
 .bss           0x801d8910     0x4410 third_party/psyq/lib\libgpu.a(font.o)
 .bss           0x801dcd20     0x1850 third_party/psyq/lib\libgpu.a(sys.o)
                0x801dcd70                _que
 .bss           0x801de570       0x10 third_party/psyq/lib\libgte.a(patchgte.o)
 .bss           0x801de580       0x10 third_party/psyq/lib\libapi.a(pad.o)
                0x801de580                _apiPadPatch
 .bss           0x801de590       0x10 third_party/psyq/lib\libapi.a(patch.o)
 .bss           0x801de5a0       0x10 third_party/psyq/lib\libapi.a(chclrpad.o)
 *(COMMON)
                0x801de5b0                        . = ALIGN (0x4)
                0x801de5b0                        __bss_end = .
                0x801de5b0                        __heap_start = __heap_base
                0x8000f800                        . = (ADDR (.text) - 0x800)
                0x8000f800                        __end = .

/DISCARD/
 *(.MIPS.abiflags)

/DISCARD/
 *(.rel.iplt)
 *(.rela.iplt)
 *(.rel.plt)
 *(.rela.plt)
 *(.plt)
 *(.iplt)

/DISCARD/
 *(.note.GNU-stack)
 *(.gnu_debuglink)
 *(.gnu.lto_*)

.scratchpad
 *(.scratchpad)
OUTPUT(test_subdiv_003.elf elf32-littlemips)

.reginfo        0x00000000       0x18
 .reginfo       0x00000000       0x18 third_party/nugget/common/crt0/crt0.o

.pdr            0x00000000        0x0
 .pdr           0x00000000        0x0 third_party/nugget/common/crt0/crt0.o

.gnu.attributes
                0x00000000       0x10
 .gnu.attributes
                0x00000000       0x10 third_party/nugget/common/crt0/crt0.o
 .gnu.attributes
                0x00000010       0x10 main.o
 .gnu.attributes
                0x00000020       0x10 subdiv.o

.mdebug.abi32   0x00000000        0x0
 .mdebug.abi32  0x00000000        0x0 main.o
 .mdebug.abi32  0x00000000        0x0 subdiv.o

.comment        0x00000000       0x12
 .comment       0x00000000       0x12 main.o
                                 0x13 (size before relaxing)
 .comment       0x00000012       0x13 subdiv.o

.note           0x00000000     0x1abc
 .note          0x00000000       0x74 third_party/psyq/lib\libc.a(c47.o)
 .note          0x00000074       0x74 third_party/psyq/lib\libetc.a(pad.o)
 .note          0x000000e8       0x74 third_party/psyq/lib\libetc.a(vsync.o)
 .note          0x0000015c       0x74 third_party/psyq/lib\libetc.a(intr.o)
 .note          0x000001d0       0x74 third_party/psyq/lib\libetc.a(intr_dma.o)
 .note          0x00000244       0x74 third_party/psyq/lib\libetc.a(intr_vb.o)
 .note          0x000002b8       0x74 third_party/psyq/lib\libgpu.a(e03.o)
 .note          0x0000032c       0x74 third_party/psyq/lib\libgpu.a(e04.o)
 .note          0x000003a0       0x74 third_party/psyq/lib\libgpu.a(font.o)
 .note          0x00000414       0x74 third_party/psyq/lib\libgpu.a(p06.o)
 .note          0x00000488       0x74 third_party/psyq/lib\libgpu.a(p09.o)
 .note          0x000004fc       0x74 third_party/psyq/lib\libgpu.a(p10.o)
 .note          0x00000570       0x74 third_party/psyq/lib\libgpu.a(p20.o)
 .note          0x000005e4       0x74 third_party/psyq/lib\libgpu.a(p26.o)
 .note          0x00000658       0x74 third_party/psyq/lib\libgpu.a(p41.o)
 .note          0x000006cc       0x74 third_party/psyq/lib\libgpu.a(sys.o)
 .note          0x00000740       0x74 third_party/psyq/lib\libgpu.a(e00.o)
 .note          0x000007b4       0x74 third_party/psyq/lib\libgpu.a(e02.o)
 .note          0x00000828       0x74 third_party/psyq/lib\libgpu.a(p00.o)
 .note          0x0000089c       0x74 third_party/psyq/lib\libgpu.a(p01.o)
 .note          0x00000910       0x74 third_party/psyq/lib\libgte.a(cmb_07.o)
 .note          0x00000984       0x74 third_party/psyq/lib\libgte.a(fgo_08.o)
 .note          0x000009f8       0x74 third_party/psyq/lib\libgte.a(geo_00.o)
 .note          0x00000a6c       0x74 third_party/psyq/lib\libgte.a(msc00.o)
 .note          0x00000ae0       0x74 third_party/psyq/lib\libgte.a(mtx_004.o)
 .note          0x00000b54       0x74 third_party/psyq/lib\libgte.a(mtx_07.o)
 .note          0x00000bc8       0x74 third_party/psyq/lib\libgte.a(mtx_09.o)
 .note          0x00000c3c       0x74 third_party/psyq/lib\libgte.a(mtx_12.o)
 .note          0x00000cb0       0x74 third_party/psyq/lib\libgte.a(patchgte.o)
 .note          0x00000d24       0x74 third_party/psyq/lib\libgte.a(reg12.o)
 .note          0x00000d98       0x74 third_party/psyq/lib\libgte.a(reg13.o)
 .note          0x00000e0c       0x74 third_party/psyq/lib\libgte.a(sincos.o)
 .note          0x00000e80       0x74 third_party/psyq/lib\libgte.a(cstbl.o)
 .note          0x00000ef4       0x74 third_party/psyq/lib\libapi.a(a22.o)
 .note          0x00000f68       0x74 third_party/psyq/lib\libapi.a(a23.o)
 .note          0x00000fdc       0x74 third_party/psyq/lib\libapi.a(a24.o)
 .note          0x00001050       0x74 third_party/psyq/lib\libapi.a(a25.o)
 .note          0x000010c4       0x74 third_party/psyq/lib\libapi.a(a36.o)
 .note          0x00001138       0x74 third_party/psyq/lib\libapi.a(a37.o)
 .note          0x000011ac       0x74 third_party/psyq/lib\libapi.a(a91.o)
 .note          0x00001220       0x74 third_party/psyq/lib\libapi.a(c114.o)
 .note          0x00001294       0x74 third_party/psyq/lib\libapi.a(c68.o)
 .note          0x00001308       0x74 third_party/psyq/lib\libapi.a(c73.o)
 .note          0x0000137c       0x74 third_party/psyq/lib\libapi.a(l10.o)
 .note          0x000013f0       0x74 third_party/psyq/lib\libapi.a(pad.o)
 .note          0x00001464       0x74 third_party/psyq/lib\libapi.a(patch.o)
 .note          0x000014d8       0x74 third_party/psyq/lib\libapi.a(a18.o)
 .note          0x0000154c       0x74 third_party/psyq/lib\libapi.a(a19.o)
 .note          0x000015c0       0x74 third_party/psyq/lib\libapi.a(a21.o)
 .note          0x00001634       0x74 third_party/psyq/lib\libapi.a(chclrpad.o)
 .note          0x000016a8       0x74 third_party/psyq/lib\libapi.a(l02.o)
 .note          0x0000171c       0x74 third_party/psyq/lib\libapi.a(l03.o)
 .note          0x00001790       0x74 third_party/psyq/lib\libc.a(a63.o)
 .note          0x00001804       0x74 third_party/psyq/lib\libc.a(c19.o)
 .note          0x00001878       0x74 third_party/psyq/lib\libc.a(c27.o)
 .note          0x000018ec       0x74 third_party/psyq/lib\libc.a(c42.o)
 .note          0x00001960       0x74 third_party/psyq/lib\libc.a(c43.o)
 .note          0x000019d4       0x74 third_party/psyq/lib\libc.a(c63.o)
 .note          0x00001a48       0x74 third_party/psyq/lib\libetc.a(vmode.o)

.debug_line     0x00000000      0x916
 .debug_line    0x00000000       0x5b third_party/nugget/common/crt0/crt0.o
 .debug_line    0x0000005b      0x52d main.o
 .debug_line    0x00000588      0x38e subdiv.o

.debug_line_str
                0x00000000       0x45
 .debug_line_str
                0x00000000       0x45 third_party/nugget/common/crt0/crt0.o

.debug_info     0x00000000      0xfe7
 .debug_info    0x00000000       0x24 third_party/nugget/common/crt0/crt0.o
 .debug_info    0x00000024      0x96c main.o
 .debug_info    0x00000990      0x657 subdiv.o

.debug_abbrev   0x00000000      0x53f
 .debug_abbrev  0x00000000       0x14 third_party/nugget/common/crt0/crt0.o
 .debug_abbrev  0x00000014      0x2fe main.o
 .debug_abbrev  0x00000312      0x22d subdiv.o

.debug_aranges  0x00000000       0xc0
 .debug_aranges
                0x00000000       0x20 third_party/nugget/common/crt0/crt0.o
 .debug_aranges
                0x00000020       0x58 main.o
 .debug_aranges
                0x00000078       0x48 subdiv.o

.debug_str      0x00000000      0x4dc
 .debug_str     0x00000000       0x51 third_party/nugget/common/crt0/crt0.o
 .debug_str     0x00000051      0x3c7 main.o
                                0x3f1 (size before relaxing)
 .debug_str     0x00000418       0xc4 subdiv.o
                                0x280 (size before relaxing)

.debug_rnglists
                0x00000000       0x78
 .debug_rnglists
                0x00000000       0x44 main.o
 .debug_rnglists
                0x00000044       0x34 subdiv.o

.debug_frame    0x00000000      0x198
 .debug_frame   0x00000000       0xdc main.o
 .debug_frame   0x000000dc       0xbc subdiv.o
