Archive member included to satisfy reference by file (symbol)

third_party/psyq/lib\libetc.a(pad.o)
                              main.o (PadRead)
third_party/psyq/lib\libetc.a(vsync.o)
                              main.o (VSync)
third_party/psyq/lib\libetc.a(intr.o)
                              third_party/psyq/lib\libetc.a(pad.o) (ResetCallback)
third_party/psyq/lib\libetc.a(intr_dma.o)
                              third_party/psyq/lib\libetc.a(intr.o) (startIntrDMA)
third_party/psyq/lib\libetc.a(intr_vb.o)
                              third_party/psyq/lib\libetc.a(vsync.o) (Vcount)
third_party/psyq/lib\libgpu.a(e03.o)
                              main.o (SetDefDrawEnv)
third_party/psyq/lib\libgpu.a(e04.o)
                              main.o (SetDefDispEnv)
third_party/psyq/lib\libgpu.a(font.o)
                              main.o (FntFlush)
third_party/psyq/lib\libgpu.a(p06.o)
                              main.o (AddPrim)
third_party/psyq/lib\libgpu.a(p09.o)
                              third_party/psyq/lib\libgpu.a(font.o) (TermPrim)
third_party/psyq/lib\libgpu.a(p10.o)
                              third_party/psyq/lib\libgpu.a(font.o) (SetSemiTrans)
third_party/psyq/lib\libgpu.a(p20.o)
                              third_party/psyq/lib\libgpu.a(font.o) (SetSprt8)
third_party/psyq/lib\libgpu.a(p26.o)
                              third_party/psyq/lib\libgpu.a(font.o) (SetTile)
third_party/psyq/lib\libgpu.a(p41.o)
                              third_party/psyq/lib\libgpu.a(font.o) (SetDrawMode)
third_party/psyq/lib\libgpu.a(sys.o)
                              main.o (ResetGraph)
third_party/psyq/lib\libgpu.a(e00.o)
                              third_party/psyq/lib\libgpu.a(font.o) (LoadTPage)
third_party/psyq/lib\libgpu.a(e02.o)
                              third_party/psyq/lib\libgpu.a(font.o) (LoadClut2)
third_party/psyq/lib\libgpu.a(p00.o)
                              third_party/psyq/lib\libgpu.a(e00.o) (GetTPage)
third_party/psyq/lib\libgpu.a(p01.o)
                              third_party/psyq/lib\libgpu.a(e02.o) (GetClut)
third_party/psyq/lib\libgte.a(geo_00.o)
                              main.o (rsin)
third_party/psyq/lib\libgte.a(msc00.o)
                              main.o (InitGeom)
third_party/psyq/lib\libgte.a(patchgte.o)
                              third_party/psyq/lib\libgte.a(msc00.o) (_patch_gte)
third_party/psyq/lib\libgte.a(sincos.o)
                              third_party/psyq/lib\libgte.a(geo_00.o) (rsin_tbl)
third_party/psyq/lib\libapi.a(a22.o)
                              third_party/psyq/lib\libetc.a(pad.o) (PAD_dr)
third_party/psyq/lib\libapi.a(a23.o)
                              third_party/psyq/lib\libetc.a(intr.o) (ReturnFromException)
third_party/psyq/lib\libapi.a(a24.o)
                              third_party/psyq/lib\libetc.a(intr.o) (ResetEntryInt)
third_party/psyq/lib\libapi.a(a25.o)
                              third_party/psyq/lib\libetc.a(intr.o) (HookEntryInt)
third_party/psyq/lib\libapi.a(a36.o)
                              third_party/psyq/lib\libetc.a(intr.o) (EnterCriticalSection)
third_party/psyq/lib\libapi.a(a37.o)
                              third_party/psyq/lib\libetc.a(intr.o) (ExitCriticalSection)
third_party/psyq/lib\libapi.a(a91.o)
                              third_party/psyq/lib\libetc.a(pad.o) (ChangeClearPAD)
third_party/psyq/lib\libapi.a(c114.o)
                              third_party/psyq/lib\libetc.a(intr.o) (_96_remove)
third_party/psyq/lib\libapi.a(c68.o)
                              third_party/psyq/lib\libgte.a(patchgte.o) (FlushCache)
third_party/psyq/lib\libapi.a(c73.o)
                              third_party/psyq/lib\libgpu.a(sys.o) (GPU_cw)
third_party/psyq/lib\libapi.a(l10.o)
                              third_party/psyq/lib\libetc.a(vsync.o) (ChangeClearRCnt)
third_party/psyq/lib\libapi.a(pad.o)
                              third_party/psyq/lib\libetc.a(pad.o) (PAD_init)
third_party/psyq/lib\libapi.a(patch.o)
                              third_party/psyq/lib\libapi.a(pad.o) (_patch_pad)
third_party/psyq/lib\libapi.a(a18.o)
                              third_party/psyq/lib\libapi.a(pad.o) (InitPAD2)
third_party/psyq/lib\libapi.a(a19.o)
                              third_party/psyq/lib\libapi.a(pad.o) (StartPAD2)
third_party/psyq/lib\libapi.a(a21.o)
                              third_party/psyq/lib\libapi.a(pad.o) (PAD_init2)
third_party/psyq/lib\libapi.a(chclrpad.o)
                              third_party/psyq/lib\libapi.a(pad.o) (_remove_ChgclrPAD)
third_party/psyq/lib\libapi.a(l02.o)
                              third_party/psyq/lib\libapi.a(pad.o) (SysEnqIntRP)
third_party/psyq/lib\libapi.a(l03.o)
                              third_party/psyq/lib\libapi.a(pad.o) (SysDeqIntRP)
third_party/psyq/lib\libc.a(a63.o)
                              third_party/psyq/lib\libetc.a(vsync.o) (puts)
third_party/psyq/lib\libc.a(c19.o)
                              third_party/psyq/lib\libetc.a(intr.o) (setjmp)
third_party/psyq/lib\libc.a(c27.o)
                              third_party/psyq/lib\libgpu.a(font.o) (strlen)
third_party/psyq/lib\libc.a(c42.o)
                              third_party/psyq/lib\libgpu.a(sys.o) (memcpy)
third_party/psyq/lib\libc.a(c43.o)
                              third_party/psyq/lib\libgpu.a(font.o) (memset)
third_party/psyq/lib\libc.a(c63.o)
                              third_party/psyq/lib\libetc.a(intr.o) (printf)
third_party/psyq/lib\libetc.a(vmode.o)
                              third_party/psyq/lib\libgpu.a(e03.o) (GetVideoMode)

Discarded input sections

 .text          0x00000000        0x0 third_party/nugget/common/crt0/crt0.o
 .bss           0x00000000        0x0 third_party/nugget/common/crt0/crt0.o
 .MIPS.abiflags
                0x00000000       0x18 third_party/nugget/common/crt0/crt0.o
 .text          0x00000000        0x0 main.o
 .reginfo       0x00000000       0x18 main.o
 .MIPS.abiflags
                0x00000000       0x18 main.o
 .pdr           0x00000000      0x100 main.o

Memory Configuration

Name             Origin             Length             Attributes
loader           0x8000f800         0x00000800
ram              0x80010000         0x001f0000         xrw
dcache           0x1f800000         0x00000400
*default*        0x00000000         0xffffffff

Linker script and memory map

LOAD third_party/nugget/common/crt0/crt0.o
LOAD main.o
START GROUP
LOAD third_party/psyq/lib\libapi.a
LOAD third_party/psyq/lib\libc.a
LOAD third_party/psyq/lib\libc2.a
LOAD third_party/psyq/lib\libcard.a
LOAD third_party/psyq/lib\libcd.a
LOAD third_party/psyq/lib\libcomb.a
LOAD third_party/psyq/lib\libds.a
LOAD third_party/psyq/lib\libetc.a
LOAD third_party/psyq/lib\libgpu.a
LOAD third_party/psyq/lib\libgs.a
LOAD third_party/psyq/lib\libgte.a
LOAD third_party/psyq/lib\libgun.a
LOAD third_party/psyq/lib\libhmd.a
LOAD third_party/psyq/lib\libmath.a
LOAD third_party/psyq/lib\libmcrd.a
LOAD third_party/psyq/lib\libmcx.a
LOAD third_party/psyq/lib\libpad.a
LOAD third_party/psyq/lib\libpress.a
LOAD third_party/psyq/lib\libsio.a
LOAD third_party/psyq/lib\libsnd.a
LOAD third_party/psyq/lib\libspu.a
LOAD third_party/psyq/lib\libtap.a
END GROUP
                0x800209b8                        __heap_base = __bss_end
                0x80010000                        TLOAD_ADDR = DEFINED (TLOAD_ADDR)?TLOAD_ADDR:0x80010000
                0x80200000                        __ram_top = (ORIGIN (ram) + LENGTH (ram))
                0x801fff00                        __sp = (__ram_top - 0x100)
                0x1f800000                        __dcache = ORIGIN (dcache)
                0x1f800400                        __dcache_top = (ORIGIN (dcache) + LENGTH (dcache))
                0x000071b8                        __bss_len = (__bss_end - __bss_start)
                0x000061a0                        __ftext_len = (__ftext_end - __ftext_start)
                0x00003660                        __fdata_len = (__fdata_end - __fdata_start)
                0x80200000                        __stack_start = (ORIGIN (ram) + LENGTH (ram))

.PSX_EXE_Header
                0x8000f800      0x800
                0x8000f800        0x1 BYTE 0x50
                0x8000f801        0x1 BYTE 0x53
                0x8000f802        0x1 BYTE 0x2d
                0x8000f803        0x1 BYTE 0x58
                0x8000f804        0x1 BYTE 0x20
                0x8000f805        0x1 BYTE 0x45
                0x8000f806        0x1 BYTE 0x58
                0x8000f807        0x1 BYTE 0x45
                0x8000f808        0x4 LONG 0x0
                0x8000f80c        0x4 LONG 0x0
                0x8000f810        0x4 LONG 0x80010000 ABSOLUTE (_start)
                0x8000f814        0x4 LONG 0x0
                0x8000f818        0x4 LONG 0x80010000 TLOAD_ADDR
                0x8000f81c        0x4 LONG 0x9800 (__ftext_len + __fdata_len)
                0x8000f820        0x4 LONG 0x0
                0x8000f824        0x4 LONG 0x0
                0x8000f828        0x4 LONG 0x0
                0x8000f82c        0x4 LONG 0x0
                0x8000f830        0x4 LONG 0x801fff00 DEFINED (_sp)?ABSOLUTE (_sp):0x801fff00
                0x8000f834        0x4 LONG 0x0
                0x80010000                        . = (. + 0x7c8)
 *fill*         0x8000f838      0x7c8 
                0x80010000                        __ftext_start = ABSOLUTE (.)

.text           0x80010000     0x61a0
 *(.start)
 .start         0x80010000       0x64 third_party/nugget/common/crt0/crt0.o
                0x80010000                _start
 *(.init)
 *(SORT_NONE(.fini))
 *(.text.unlikely .text.*_unlikely .text.unlikely.*)
 *(.text.exit .text.exit.*)
 *(.text.startup .text.startup.*)
 *(.text.hot .text.hot.*)
 *(.text .stub .text.* .gnu.linkonce.t.*)
 .text.sin      0x80010064      0x170 main.o
                0x80010064                sin
 .text.cos      0x800101d4       0x34 main.o
                0x800101d4                cos
 .text.raycast  0x80010208      0x464 main.o
                0x80010208                raycast
 .text.movePlayer
                0x8001066c       0xdc main.o
                0x8001066c                movePlayer
 .text.updatePlayerControl
                0x80010748       0xfc main.o
                0x80010748                updatePlayerControl
 .text.drawWall
                0x80010844      0x388 main.o
                0x80010844                drawWall
 .text.render   0x80010bcc      0x134 main.o
                0x80010bcc                render
 .text.main     0x80010d00      0x244 main.o
                0x80010d00                main
 *fill*         0x80010f44        0x4 
 .text          0x80010f48       0x80 third_party/psyq/lib\libetc.a(pad.o)
                0x80010f48                PadInit
                0x80010f94                PadRead
 .text          0x80010fc8      0x210 third_party/psyq/lib\libetc.a(vsync.o)
                0x80010fc8                VSync
 .text          0x800111d8      0x6c0 third_party/psyq/lib\libetc.a(intr.o)
                0x800111d8                ResetCallback
                0x80011208                InterruptCallback
                0x80011238                DMACallback
                0x80011268                VSyncCallback
                0x8001129c                VSyncCallbacks
                0x800112cc                StopCallback
                0x800112fc                RestartCallback
                0x8001132c                CheckCallback
                0x8001133c                GetIntrMask
                0x80011354                SetIntrMask
 .text          0x80011898      0x2a0 third_party/psyq/lib\libetc.a(intr_dma.o)
                0x80011898                startIntrDMA
 .text          0x80011b38      0x120 third_party/psyq/lib\libetc.a(intr_vb.o)
                0x80011b38                startIntrVSync
 .text          0x80011c58       0xc0 third_party/psyq/lib\libgpu.a(e03.o)
                0x80011c58                SetDefDrawEnv
 .text          0x80011d18       0x40 third_party/psyq/lib\libgpu.a(e04.o)
                0x80011d18                SetDefDispEnv
 .text          0x80011d58      0xa80 third_party/psyq/lib\libgpu.a(font.o)
                0x80011d58                SetDumpFnt
                0x80011d98                FntLoad
                0x80011e38                FntOpen
                0x800120f4                FntFlush
                0x80012410                FntPrint
 .text          0x800127d8       0x40 third_party/psyq/lib\libgpu.a(p06.o)
                0x800127d8                AddPrim
 .text          0x80012818       0x20 third_party/psyq/lib\libgpu.a(p09.o)
                0x80012818                TermPrim
 .text          0x80012838       0x30 third_party/psyq/lib\libgpu.a(p10.o)
                0x80012838                SetSemiTrans
 .text          0x80012868       0x20 third_party/psyq/lib\libgpu.a(p20.o)
                0x80012868                SetSprt8
 .text          0x80012888       0x20 third_party/psyq/lib\libgpu.a(p26.o)
                0x80012888                SetTile
 .text          0x800128a8       0xa0 third_party/psyq/lib\libgpu.a(p41.o)
                0x800128a8                SetDrawMode
 .text          0x80012948     0x2f00 third_party/psyq/lib\libgpu.a(sys.o)
                0x80012948                ResetGraph
                0x80012abc                SetGraphDebug
                0x80012b18                SetGraphQueue
                0x80012bbc                GetGraphDebug
                0x80012bcc                DrawSyncCallback
                0x80012c2c                SetDispMask
                0x80012cc4                DrawSync
                0x80012e48                ClearImage
                0x80012ed8                ClearImage2
                0x80012f70                LoadImage
                0x80012fd0                StoreImage
                0x80013030                MoveImage
                0x800130e8                ClearOTag
                0x800131b0                ClearOTagR
                0x8001325c                DrawPrim
                0x800132b8                DrawOTag
                0x80013328                PutDrawEnv
                0x800133e8                DrawOTagEnv
                0x800134c0                GetDrawEnv
                0x800134f4                PutDispEnv
                0x800139ec                GetDispEnv
                0x80013a20                GetODE
                0x80013a50                SetDrawArea
                0x80013ad0                SetDrawOffset
                0x80013b10                SetDrawEnv
                0x800153e0                LoadImage2
                0x800154cc                StoreImage2
                0x800155b8                MoveImage2
                0x800156fc                DrawOTag2
                0x800157f8                _GPU_ResetCallback
 .text          0x80015848       0xf0 third_party/psyq/lib\libgpu.a(e00.o)
                0x80015848                LoadTPage
 .text          0x80015938       0x70 third_party/psyq/lib\libgpu.a(e02.o)
                0x80015938                LoadClut2
 .text          0x800159a8       0x40 third_party/psyq/lib\libgpu.a(p00.o)
                0x800159a8                GetTPage
 .text          0x800159e8       0x20 third_party/psyq/lib\libgpu.a(p01.o)
                0x800159e8                GetClut
 .text          0x80015a08       0xd0 third_party/psyq/lib\libgte.a(geo_00.o)
                0x80015a08                rsin
                0x80015a44                sin_1
 .text          0x80015ad8       0x90 third_party/psyq/lib\libgte.a(msc00.o)
                0x80015ae0                InitGeom
 .text          0x80015b68       0xe0 third_party/psyq/lib\libgte.a(patchgte.o)
                0x80015b68                _patch_gte
 .text          0x80015c48       0x10 third_party/psyq/lib\libapi.a(a22.o)
                0x80015c48                PAD_dr
 .text          0x80015c58       0x10 third_party/psyq/lib\libapi.a(a23.o)
                0x80015c58                ReturnFromException
 .text          0x80015c68       0x10 third_party/psyq/lib\libapi.a(a24.o)
                0x80015c68                ResetEntryInt
 .text          0x80015c78       0x10 third_party/psyq/lib\libapi.a(a25.o)
                0x80015c78                HookEntryInt
 .text          0x80015c88       0x10 third_party/psyq/lib\libapi.a(a36.o)
                0x80015c88                EnterCriticalSection
 .text          0x80015c98       0x10 third_party/psyq/lib\libapi.a(a37.o)
                0x80015c98                ExitCriticalSection
 .text          0x80015ca8       0x10 third_party/psyq/lib\libapi.a(a91.o)
                0x80015ca8                ChangeClearPAD
 .text          0x80015cb8       0x20 third_party/psyq/lib\libapi.a(c114.o)
                0x80015cc0                _96_remove
 .text          0x80015cd8       0x10 third_party/psyq/lib\libapi.a(c68.o)
                0x80015cd8                FlushCache
 .text          0x80015ce8       0x10 third_party/psyq/lib\libapi.a(c73.o)
                0x80015ce8                GPU_cw
 .text          0x80015cf8       0x10 third_party/psyq/lib\libapi.a(l10.o)
                0x80015cf8                ChangeClearRCnt
 .text          0x80015d08      0x290 third_party/psyq/lib\libapi.a(pad.o)
                0x80015d08                SetInitPadFlag
                0x80015d14                ReadInitPadFlag
                0x80015d24                PAD_init
                0x80015db4                InitPAD
                0x80015e44                StartPAD
 .text          0x80015f98       0xa0 third_party/psyq/lib\libapi.a(patch.o)
                0x80015f98                EnablePAD
                0x80015fac                DisablePAD
                0x80015fc0                _patch_pad
 .text          0x80016038       0x10 third_party/psyq/lib\libapi.a(a18.o)
                0x80016038                InitPAD2
 .text          0x80016048       0x10 third_party/psyq/lib\libapi.a(a19.o)
                0x80016048                StartPAD2
 .text          0x80016058       0x10 third_party/psyq/lib\libapi.a(a21.o)
                0x80016058                PAD_init2
 .text          0x80016068       0x70 third_party/psyq/lib\libapi.a(chclrpad.o)
                0x80016068                _remove_ChgclrPAD
 .text          0x800160d8       0x10 third_party/psyq/lib\libapi.a(l02.o)
                0x800160d8                SysEnqIntRP
 .text          0x800160e8       0x10 third_party/psyq/lib\libapi.a(l03.o)
                0x800160e8                SysDeqIntRP
 .text          0x800160f8       0x20 third_party/psyq/lib\libc.a(a63.o)
                0x80016100                puts
 .text          0x80016118       0x10 third_party/psyq/lib\libc.a(c19.o)
                0x80016118                setjmp
 .text          0x80016128       0x10 third_party/psyq/lib\libc.a(c27.o)
                0x80016128                strlen
 .text          0x80016138       0x10 third_party/psyq/lib\libc.a(c42.o)
                0x80016138                memcpy
 .text          0x80016148       0x10 third_party/psyq/lib\libc.a(c43.o)
                0x80016148                memset
 .text          0x80016158       0x10 third_party/psyq/lib\libc.a(c63.o)
                0x80016158                printf
 .text          0x80016168       0x30 third_party/psyq/lib\libetc.a(vmode.o)
                0x80016168                SetVideoMode
                0x8001617c                GetVideoMode
                0x800161a0                        . = ALIGN (0x10)
 *fill*         0x80016198        0x8 
 *(.init)
                0x800161a0                        . = ALIGN (0x10)
 *(.fini)
                0x800161a0                        . = ALIGN (0x10)
                0x800161a0                        __text_end = .
                0x800161a0                        __ftext_end = ABSOLUTE (.)
                0x800161a0                        __fdata_start = ABSOLUTE (.)

.rodata         0x800161a0      0x380
 *(.rodata .rodata.* .rdata .rdata.* .gnu.linkonce.r.*)
 .rodata        0x800161a0       0x10 third_party/nugget/common/crt0/crt0.o
 .rdata         0x800161b0       0x10 third_party/psyq/lib\libetc.a(vsync.o)
 .rdata         0x800161c0       0x70 third_party/psyq/lib\libetc.a(intr.o)
 .rdata         0x80016230       0x30 third_party/psyq/lib\libetc.a(intr_dma.o)
 .rdata         0x80016260       0xa0 third_party/psyq/lib\libgpu.a(font.o)
 .rdata         0x80016300      0x220 third_party/psyq/lib\libgpu.a(sys.o)
                0x80016520                        . = ALIGN (0x10)
                0x80016520                        __preinit_array_start = .
 *(.preinit_array)
                0x80016520                        __preinit_array_end = .
                0x80016520                        . = ALIGN (0x10)
                0x80016520                        __init_array_start = .
 *(SORT_BY_NAME(.init_array.*))
 *(.init_array)
                0x80016520                        . = ALIGN (0x10)
 *crtbegin.o(.ctors)
 *(EXCLUDE_FILE(*crtend.o) .ctors)
 *(SORT_BY_NAME(.ctors.*))
 *crtend.o(.ctors)
                0x80016520                        __init_array_end = .
                0x80016520                        . = ALIGN (0x10)
                0x80016520                        __fini_array_start = .
 *(.fini_array)
 *(SORT_BY_NAME(.fini_array.*))
 *crtbegin.o(.dtors)
 *(EXCLUDE_FILE(*crtend.o) .dtors)
 *(SORT_BY_NAME(.dtors.*))
 *crtend.o(.dtors)
                0x80016520                        __fini_array_end = .
                0x80016520                        __build_id = .
 *(.note.gnu.build-id)
                0x80016520                        __build_id_end = .

.rel.dyn        0x80016520        0x0
 .rel.dyn       0x80016520        0x0 third_party/psyq/lib\libgpu.a(sys.o)

.rodata1
 *(.rodata1)
                0x80016520                        __data_start = .

.data           0x80016520     0x32e0
 *(.data .data.* .gnu.linkonce.d.*)
 .data          0x80016520        0x0 third_party/nugget/common/crt0/crt0.o
 .data          0x80016520      0xb40 main.o
                0x80016520                map
                0x80016b60                projectionAngles
 .data          0x80017060       0x20 third_party/psyq/lib\libetc.a(vsync.o)
                0x80017070                Hcount
 .data          0x80017080     0x1100 third_party/psyq/lib\libetc.a(intr.o)
 .data          0x80018180       0x30 third_party/psyq/lib\libetc.a(intr_dma.o)
 .data          0x800181b0       0x30 third_party/psyq/lib\libetc.a(intr_vb.o)
                0x800181d0                Vcount
 .data          0x800181e0      0xb90 third_party/psyq/lib\libgpu.a(font.o)
                0x800181e0                Font
 .data          0x80018d70      0x1a0 third_party/psyq/lib\libgpu.a(sys.o)
                0x80018dbc                GPU_printf
                0x80018dc0                GEnv
                0x80018ee8                _qin
                0x80018eec                _qout
 .data          0x80018f10       0x10 third_party/psyq/lib\libgte.a(msc00.o)
 .data          0x80018f20      0x810 third_party/psyq/lib\libgte.a(sincos.o)
                0x80018f20                rsin_tbl
 .data          0x80019730       0x10 third_party/psyq/lib\libapi.a(pad.o)
 .data          0x80019740       0x10 third_party/psyq/lib\libetc.a(vmode.o)
 *(.data1)
 *(.sdata .sdata.* .gnu.linkonce.s.*)
 .sdata         0x80019750        0x8 main.o
                0x80019750                playerSrc
 *(.sdata2 .sdata2.* .gnu.linkonce.s2.*)
 *(.got.plt)
 *(.got)
                0x80019800                        . = ALIGN (0x800)
 *fill*         0x80019758       0xa8 50414444
                0x80019800                        __data_end = .
                0x80019800                        __fdata_end = .
                0x80019800                        __bss_start = .

.sbss           0x80019800     0x71b8
 *(.dynsbss)
 *(.sbss .sbss.* .gnu.linkonce.sb.*)
 .sbss          0x80019800       0x20 main.o
                0x80019800                playerRayCell
                0x80019808                playerIntersectionPoint
                0x80019810                playerAngle
                0x80019814                projPlaneDistance
                0x80019818                ot
                0x8001981c                db
 *(.scommon)
 *(.dynbss)
 *(.bss .bss.* .gnu.linkonce.b.*)
 .bss           0x80019820     0x14e0 main.o
                0x80019820                lines
                0x8001ac20                disp
                0x8001ac48                draw
 .bss           0x8001ad00       0x14 third_party/psyq/lib\libetc.a(pad.o)
                0x8001ad10                PadIdentifier
 *fill*         0x8001ad14        0x4 
 .bss           0x8001ad18     0x4410 third_party/psyq/lib\libgpu.a(font.o)
 .bss           0x8001f128     0x1850 third_party/psyq/lib\libgpu.a(sys.o)
                0x8001f178                _que
 .bss           0x80020978       0x10 third_party/psyq/lib\libgte.a(patchgte.o)
 .bss           0x80020988       0x10 third_party/psyq/lib\libapi.a(pad.o)
                0x80020988                _apiPadPatch
 .bss           0x80020998       0x10 third_party/psyq/lib\libapi.a(patch.o)
 .bss           0x800209a8       0x10 third_party/psyq/lib\libapi.a(chclrpad.o)
 *(COMMON)
                0x800209b8                        . = ALIGN (0x4)
                0x800209b8                        __bss_end = .
                0x800209b8                        __heap_start = __heap_base
                0x8000f800                        . = (ADDR (.text) - 0x800)
                0x8000f800                        __end = .

/DISCARD/
 *(.MIPS.abiflags)

/DISCARD/
 *(.rel.iplt)
 *(.rela.iplt)
 *(.rel.plt)
 *(.rela.plt)
 *(.plt)
 *(.iplt)

/DISCARD/
 *(.note.GNU-stack)
 *(.gnu_debuglink)
 *(.gnu.lto_*)

.scratchpad
 *(.scratchpad)
OUTPUT(test005.elf elf32-littlemips)

.reginfo        0x00000000       0x18
 .reginfo       0x00000000       0x18 third_party/nugget/common/crt0/crt0.o

.pdr            0x00000000        0x0
 .pdr           0x00000000        0x0 third_party/nugget/common/crt0/crt0.o

.gnu.attributes
                0x00000000       0x10
 .gnu.attributes
                0x00000000       0x10 third_party/nugget/common/crt0/crt0.o
 .gnu.attributes
                0x00000010       0x10 main.o

.mdebug.abi32   0x00000000        0x0
 .mdebug.abi32  0x00000000        0x0 main.o

.comment        0x00000000       0x12
 .comment       0x00000000       0x12 main.o
                                 0x13 (size before relaxing)

.note           0x00000000     0x1634
 .note          0x00000000       0x74 third_party/psyq/lib\libetc.a(pad.o)
 .note          0x00000074       0x74 third_party/psyq/lib\libetc.a(vsync.o)
 .note          0x000000e8       0x74 third_party/psyq/lib\libetc.a(intr.o)
 .note          0x0000015c       0x74 third_party/psyq/lib\libetc.a(intr_dma.o)
 .note          0x000001d0       0x74 third_party/psyq/lib\libetc.a(intr_vb.o)
 .note          0x00000244       0x74 third_party/psyq/lib\libgpu.a(e03.o)
 .note          0x000002b8       0x74 third_party/psyq/lib\libgpu.a(e04.o)
 .note          0x0000032c       0x74 third_party/psyq/lib\libgpu.a(font.o)
 .note          0x000003a0       0x74 third_party/psyq/lib\libgpu.a(p06.o)
 .note          0x00000414       0x74 third_party/psyq/lib\libgpu.a(p09.o)
 .note          0x00000488       0x74 third_party/psyq/lib\libgpu.a(p10.o)
 .note          0x000004fc       0x74 third_party/psyq/lib\libgpu.a(p20.o)
 .note          0x00000570       0x74 third_party/psyq/lib\libgpu.a(p26.o)
 .note          0x000005e4       0x74 third_party/psyq/lib\libgpu.a(p41.o)
 .note          0x00000658       0x74 third_party/psyq/lib\libgpu.a(sys.o)
 .note          0x000006cc       0x74 third_party/psyq/lib\libgpu.a(e00.o)
 .note          0x00000740       0x74 third_party/psyq/lib\libgpu.a(e02.o)
 .note          0x000007b4       0x74 third_party/psyq/lib\libgpu.a(p00.o)
 .note          0x00000828       0x74 third_party/psyq/lib\libgpu.a(p01.o)
 .note          0x0000089c       0x74 third_party/psyq/lib\libgte.a(geo_00.o)
 .note          0x00000910       0x74 third_party/psyq/lib\libgte.a(msc00.o)
 .note          0x00000984       0x74 third_party/psyq/lib\libgte.a(patchgte.o)
 .note          0x000009f8       0x74 third_party/psyq/lib\libgte.a(sincos.o)
 .note          0x00000a6c       0x74 third_party/psyq/lib\libapi.a(a22.o)
 .note          0x00000ae0       0x74 third_party/psyq/lib\libapi.a(a23.o)
 .note          0x00000b54       0x74 third_party/psyq/lib\libapi.a(a24.o)
 .note          0x00000bc8       0x74 third_party/psyq/lib\libapi.a(a25.o)
 .note          0x00000c3c       0x74 third_party/psyq/lib\libapi.a(a36.o)
 .note          0x00000cb0       0x74 third_party/psyq/lib\libapi.a(a37.o)
 .note          0x00000d24       0x74 third_party/psyq/lib\libapi.a(a91.o)
 .note          0x00000d98       0x74 third_party/psyq/lib\libapi.a(c114.o)
 .note          0x00000e0c       0x74 third_party/psyq/lib\libapi.a(c68.o)
 .note          0x00000e80       0x74 third_party/psyq/lib\libapi.a(c73.o)
 .note          0x00000ef4       0x74 third_party/psyq/lib\libapi.a(l10.o)
 .note          0x00000f68       0x74 third_party/psyq/lib\libapi.a(pad.o)
 .note          0x00000fdc       0x74 third_party/psyq/lib\libapi.a(patch.o)
 .note          0x00001050       0x74 third_party/psyq/lib\libapi.a(a18.o)
 .note          0x000010c4       0x74 third_party/psyq/lib\libapi.a(a19.o)
 .note          0x00001138       0x74 third_party/psyq/lib\libapi.a(a21.o)
 .note          0x000011ac       0x74 third_party/psyq/lib\libapi.a(chclrpad.o)
 .note          0x00001220       0x74 third_party/psyq/lib\libapi.a(l02.o)
 .note          0x00001294       0x74 third_party/psyq/lib\libapi.a(l03.o)
 .note          0x00001308       0x74 third_party/psyq/lib\libc.a(a63.o)
 .note          0x0000137c       0x74 third_party/psyq/lib\libc.a(c19.o)
 .note          0x000013f0       0x74 third_party/psyq/lib\libc.a(c27.o)
 .note          0x00001464       0x74 third_party/psyq/lib\libc.a(c42.o)
 .note          0x000014d8       0x74 third_party/psyq/lib\libc.a(c43.o)
 .note          0x0000154c       0x74 third_party/psyq/lib\libc.a(c63.o)
 .note          0x000015c0       0x74 third_party/psyq/lib\libetc.a(vmode.o)

.debug_line     0x00000000      0x43b
 .debug_line    0x00000000       0x5b third_party/nugget/common/crt0/crt0.o
 .debug_line    0x0000005b      0x3e0 main.o

.debug_line_str
                0x00000000       0x3d
 .debug_line_str
                0x00000000       0x3d third_party/nugget/common/crt0/crt0.o

.debug_info     0x00000000      0x9d8
 .debug_info    0x00000000       0x24 third_party/nugget/common/crt0/crt0.o
 .debug_info    0x00000024      0x9b4 main.o

.debug_abbrev   0x00000000      0x2cf
 .debug_abbrev  0x00000000       0x14 third_party/nugget/common/crt0/crt0.o
 .debug_abbrev  0x00000014      0x2bb main.o

.debug_aranges  0x00000000       0x78
 .debug_aranges
                0x00000000       0x20 third_party/nugget/common/crt0/crt0.o
 .debug_aranges
                0x00000020       0x58 main.o

.debug_str      0x00000000      0x493
 .debug_str     0x00000000       0x49 third_party/nugget/common/crt0/crt0.o
 .debug_str     0x00000049      0x44a main.o
                                0x462 (size before relaxing)

.debug_rnglists
                0x00000000       0x44
 .debug_rnglists
                0x00000000       0x44 main.o

.debug_frame    0x00000000       0xec
 .debug_frame   0x00000000       0xec main.o
