Archive member included to satisfy reference by file (symbol)

third_party/psyq/lib\libetc.a(pad.o)
                              main.o (PadRead)
third_party/psyq/lib\libetc.a(vsync.o)
                              main.o (VSync)
third_party/psyq/lib\libetc.a(intr.o)
                              third_party/psyq/lib\libetc.a(pad.o) (ResetCallback)
third_party/psyq/lib\libetc.a(intr_dma.o)
                              third_party/psyq/lib\libetc.a(intr.o) (startIntrDMA)
third_party/psyq/lib\libetc.a(intr_vb.o)
                              third_party/psyq/lib\libetc.a(vsync.o) (Vcount)
third_party/psyq/lib\libgpu.a(e03.o)
                              main.o (SetDefDrawEnv)
third_party/psyq/lib\libgpu.a(e04.o)
                              main.o (SetDefDispEnv)
third_party/psyq/lib\libgpu.a(font.o)
                              main.o (FntFlush)
third_party/psyq/lib\libgpu.a(p06.o)
                              main.o (AddPrim)
third_party/psyq/lib\libgpu.a(p09.o)
                              third_party/psyq/lib\libgpu.a(font.o) (TermPrim)
third_party/psyq/lib\libgpu.a(p10.o)
                              third_party/psyq/lib\libgpu.a(font.o) (SetSemiTrans)
third_party/psyq/lib\libgpu.a(p20.o)
                              third_party/psyq/lib\libgpu.a(font.o) (SetSprt8)
third_party/psyq/lib\libgpu.a(p26.o)
                              third_party/psyq/lib\libgpu.a(font.o) (SetTile)
third_party/psyq/lib\libgpu.a(p41.o)
                              third_party/psyq/lib\libgpu.a(font.o) (SetDrawMode)
third_party/psyq/lib\libgpu.a(sys.o)
                              main.o (LoadImage)
third_party/psyq/lib\libgpu.a(t00.o)
                              main.o (ReadTIM)
third_party/psyq/lib\libgpu.a(e00.o)
                              third_party/psyq/lib\libgpu.a(font.o) (LoadTPage)
third_party/psyq/lib\libgpu.a(e02.o)
                              third_party/psyq/lib\libgpu.a(font.o) (LoadClut2)
third_party/psyq/lib\libgpu.a(p00.o)
                              third_party/psyq/lib\libgpu.a(e00.o) (GetTPage)
third_party/psyq/lib\libgpu.a(p01.o)
                              third_party/psyq/lib\libgpu.a(e02.o) (GetClut)
third_party/psyq/lib\libgte.a(fgo_01.o)
                              main.o (RotMatrix)
third_party/psyq/lib\libgte.a(geo_00.o)
                              main.o (rsin)
third_party/psyq/lib\libgte.a(msc00.o)
                              main.o (InitGeom)
third_party/psyq/lib\libgte.a(mtx_07.o)
                              main.o (TransMatrix)
third_party/psyq/lib\libgte.a(mtx_09.o)
                              main.o (SetRotMatrix)
third_party/psyq/lib\libgte.a(mtx_12.o)
                              main.o (SetTransMatrix)
third_party/psyq/lib\libgte.a(patchgte.o)
                              third_party/psyq/lib\libgte.a(msc00.o) (_patch_gte)
third_party/psyq/lib\libgte.a(sincos.o)
                              third_party/psyq/lib\libgte.a(geo_00.o) (rsin_tbl)
third_party/psyq/lib\libgte.a(smp_04.o)
                              main.o (RotTrans)
third_party/psyq/lib\libgte.a(cstbl.o)
                              third_party/psyq/lib\libgte.a(fgo_01.o) (rcossin_tbl)
third_party/psyq/lib\libapi.a(a22.o)
                              third_party/psyq/lib\libetc.a(pad.o) (PAD_dr)
third_party/psyq/lib\libapi.a(a23.o)
                              third_party/psyq/lib\libetc.a(intr.o) (ReturnFromException)
third_party/psyq/lib\libapi.a(a24.o)
                              third_party/psyq/lib\libetc.a(intr.o) (ResetEntryInt)
third_party/psyq/lib\libapi.a(a25.o)
                              third_party/psyq/lib\libetc.a(intr.o) (HookEntryInt)
third_party/psyq/lib\libapi.a(a36.o)
                              third_party/psyq/lib\libetc.a(intr.o) (EnterCriticalSection)
third_party/psyq/lib\libapi.a(a37.o)
                              third_party/psyq/lib\libetc.a(intr.o) (ExitCriticalSection)
third_party/psyq/lib\libapi.a(a91.o)
                              third_party/psyq/lib\libetc.a(pad.o) (ChangeClearPAD)
third_party/psyq/lib\libapi.a(c114.o)
                              third_party/psyq/lib\libetc.a(intr.o) (_96_remove)
third_party/psyq/lib\libapi.a(c68.o)
                              third_party/psyq/lib\libgte.a(patchgte.o) (FlushCache)
third_party/psyq/lib\libapi.a(c73.o)
                              third_party/psyq/lib\libgpu.a(sys.o) (GPU_cw)
third_party/psyq/lib\libapi.a(l10.o)
                              third_party/psyq/lib\libetc.a(vsync.o) (ChangeClearRCnt)
third_party/psyq/lib\libapi.a(pad.o)
                              third_party/psyq/lib\libetc.a(pad.o) (PAD_init)
third_party/psyq/lib\libapi.a(patch.o)
                              third_party/psyq/lib\libapi.a(pad.o) (_patch_pad)
third_party/psyq/lib\libapi.a(a18.o)
                              third_party/psyq/lib\libapi.a(pad.o) (InitPAD2)
third_party/psyq/lib\libapi.a(a19.o)
                              third_party/psyq/lib\libapi.a(pad.o) (StartPAD2)
third_party/psyq/lib\libapi.a(a21.o)
                              third_party/psyq/lib\libapi.a(pad.o) (PAD_init2)
third_party/psyq/lib\libapi.a(chclrpad.o)
                              third_party/psyq/lib\libapi.a(pad.o) (_remove_ChgclrPAD)
third_party/psyq/lib\libapi.a(l02.o)
                              third_party/psyq/lib\libapi.a(pad.o) (SysEnqIntRP)
third_party/psyq/lib\libapi.a(l03.o)
                              third_party/psyq/lib\libapi.a(pad.o) (SysDeqIntRP)
third_party/psyq/lib\libc.a(a63.o)
                              third_party/psyq/lib\libetc.a(vsync.o) (puts)
third_party/psyq/lib\libc.a(c19.o)
                              third_party/psyq/lib\libetc.a(intr.o) (setjmp)
third_party/psyq/lib\libc.a(c27.o)
                              third_party/psyq/lib\libgpu.a(font.o) (strlen)
third_party/psyq/lib\libc.a(c42.o)
                              third_party/psyq/lib\libgpu.a(sys.o) (memcpy)
third_party/psyq/lib\libc.a(c43.o)
                              third_party/psyq/lib\libgpu.a(font.o) (memset)
third_party/psyq/lib\libc.a(c63.o)
                              third_party/psyq/lib\libetc.a(intr.o) (printf)
third_party/psyq/lib\libetc.a(vmode.o)
                              third_party/psyq/lib\libgpu.a(e03.o) (GetVideoMode)

Discarded input sections

 .text          0x00000000        0x0 third_party/nugget/common/crt0/crt0.o
 .bss           0x00000000        0x0 third_party/nugget/common/crt0/crt0.o
 .MIPS.abiflags
                0x00000000       0x18 third_party/nugget/common/crt0/crt0.o
 .text          0x00000000        0x0 main.o
 .reginfo       0x00000000       0x18 main.o
 .MIPS.abiflags
                0x00000000       0x18 main.o
 .pdr           0x00000000      0x160 main.o

Memory Configuration

Name             Origin             Length             Attributes
loader           0x8000f800         0x00000800
ram              0x80010000         0x001f0000         xrw
dcache           0x1f800000         0x00000400
*default*        0x00000000         0xffffffff

Linker script and memory map

LOAD third_party/nugget/common/crt0/crt0.o
LOAD main.o
START GROUP
LOAD third_party/psyq/lib\libapi.a
LOAD third_party/psyq/lib\libc.a
LOAD third_party/psyq/lib\libc2.a
LOAD third_party/psyq/lib\libcard.a
LOAD third_party/psyq/lib\libcd.a
LOAD third_party/psyq/lib\libcomb.a
LOAD third_party/psyq/lib\libds.a
LOAD third_party/psyq/lib\libetc.a
LOAD third_party/psyq/lib\libgpu.a
LOAD third_party/psyq/lib\libgs.a
LOAD third_party/psyq/lib\libgte.a
LOAD third_party/psyq/lib\libgun.a
LOAD third_party/psyq/lib\libhmd.a
LOAD third_party/psyq/lib\libmath.a
LOAD third_party/psyq/lib\libmcrd.a
LOAD third_party/psyq/lib\libmcx.a
LOAD third_party/psyq/lib\libpad.a
LOAD third_party/psyq/lib\libpress.a
LOAD third_party/psyq/lib\libsio.a
LOAD third_party/psyq/lib\libsnd.a
LOAD third_party/psyq/lib\libspu.a
LOAD third_party/psyq/lib\libtap.a
END GROUP
                0x80044e08                        __heap_base = __bss_end
                0x80010000                        TLOAD_ADDR = DEFINED (TLOAD_ADDR)?TLOAD_ADDR:0x80010000
                0x80200000                        __ram_top = (ORIGIN (ram) + LENGTH (ram))
                0x801fff00                        __sp = (__ram_top - 0x100)
                0x1f800000                        __dcache = ORIGIN (dcache)
                0x1f800400                        __dcache_top = (ORIGIN (dcache) + LENGTH (dcache))
                0x00011e08                        __bss_len = (__bss_end - __bss_start)
                0x000093a0                        __ftext_len = (__ftext_end - __ftext_start)
                0x00019c60                        __fdata_len = (__fdata_end - __fdata_start)
                0x80200000                        __stack_start = (ORIGIN (ram) + LENGTH (ram))

.PSX_EXE_Header
                0x8000f800      0x800
                0x8000f800        0x1 BYTE 0x50
                0x8000f801        0x1 BYTE 0x53
                0x8000f802        0x1 BYTE 0x2d
                0x8000f803        0x1 BYTE 0x58
                0x8000f804        0x1 BYTE 0x20
                0x8000f805        0x1 BYTE 0x45
                0x8000f806        0x1 BYTE 0x58
                0x8000f807        0x1 BYTE 0x45
                0x8000f808        0x4 LONG 0x0
                0x8000f80c        0x4 LONG 0x0
                0x8000f810        0x4 LONG 0x80010000 ABSOLUTE (_start)
                0x8000f814        0x4 LONG 0x0
                0x8000f818        0x4 LONG 0x80010000 TLOAD_ADDR
                0x8000f81c        0x4 LONG 0x23000 (__ftext_len + __fdata_len)
                0x8000f820        0x4 LONG 0x0
                0x8000f824        0x4 LONG 0x0
                0x8000f828        0x4 LONG 0x0
                0x8000f82c        0x4 LONG 0x0
                0x8000f830        0x4 LONG 0x801fff00 DEFINED (_sp)?ABSOLUTE (_sp):0x801fff00
                0x8000f834        0x4 LONG 0x0
                0x80010000                        . = (. + 0x7c8)
 *fill*         0x8000f838      0x7c8 
                0x80010000                        __ftext_start = ABSOLUTE (.)

.text           0x80010000     0x93a0
 *(.start)
 .start         0x80010000       0x64 third_party/nugget/common/crt0/crt0.o
                0x80010000                _start
 *(.init)
 *(SORT_NONE(.fini))
 *(.text.unlikely .text.*_unlikely .text.unlikely.*)
 *(.text.exit .text.exit.*)
 *(.text.startup .text.startup.*)
 *(.text.hot .text.hot.*)
 *(.text .stub .text.* .gnu.linkonce.t.*)
 .text.sin      0x80010064      0x170 main.o
                0x80010064                sin
 .text.cos      0x800101d4       0x34 main.o
                0x800101d4                cos
 .text.raycast  0x80010208      0x47c main.o
                0x80010208                raycast
 .text.movePlayer
                0x80010684      0x490 main.o
                0x80010684                movePlayer
 .text.updatePlayerControl
                0x80010b14      0x148 main.o
                0x80010b14                updatePlayerControl
 .text.loadTexture
                0x80010c5c      0x140 main.o
                0x80010c5c                loadTexture
 .text.drawWall
                0x80010d9c      0x5dc main.o
                0x80010d9c                drawWall
 .text.renderWalls
                0x80011378      0x1d8 main.o
                0x80011378                renderWalls
 .text.initFloorAngles
                0x80011550      0x4fc main.o
                0x80011550                initFloorAngles
 .text.renderFloorAndCeiling
                0x80011a4c     0x1e60 main.o
                0x80011a4c                renderFloorAndCeiling
 .text.main     0x800138ac      0x3d0 main.o
                0x800138ac                main
 *fill*         0x80013c7c        0x4 
 .text          0x80013c80       0x80 third_party/psyq/lib\libetc.a(pad.o)
                0x80013c80                PadInit
                0x80013ccc                PadRead
 .text          0x80013d00      0x210 third_party/psyq/lib\libetc.a(vsync.o)
                0x80013d00                VSync
 .text          0x80013f10      0x6c0 third_party/psyq/lib\libetc.a(intr.o)
                0x80013f10                ResetCallback
                0x80013f40                InterruptCallback
                0x80013f70                DMACallback
                0x80013fa0                VSyncCallback
                0x80013fd4                VSyncCallbacks
                0x80014004                StopCallback
                0x80014034                RestartCallback
                0x80014064                CheckCallback
                0x80014074                GetIntrMask
                0x8001408c                SetIntrMask
 .text          0x800145d0      0x2a0 third_party/psyq/lib\libetc.a(intr_dma.o)
                0x800145d0                startIntrDMA
 .text          0x80014870      0x120 third_party/psyq/lib\libetc.a(intr_vb.o)
                0x80014870                startIntrVSync
 .text          0x80014990       0xc0 third_party/psyq/lib\libgpu.a(e03.o)
                0x80014990                SetDefDrawEnv
 .text          0x80014a50       0x40 third_party/psyq/lib\libgpu.a(e04.o)
                0x80014a50                SetDefDispEnv
 .text          0x80014a90      0xa80 third_party/psyq/lib\libgpu.a(font.o)
                0x80014a90                SetDumpFnt
                0x80014ad0                FntLoad
                0x80014b70                FntOpen
                0x80014e2c                FntFlush
                0x80015148                FntPrint
 .text          0x80015510       0x40 third_party/psyq/lib\libgpu.a(p06.o)
                0x80015510                AddPrim
 .text          0x80015550       0x20 third_party/psyq/lib\libgpu.a(p09.o)
                0x80015550                TermPrim
 .text          0x80015570       0x30 third_party/psyq/lib\libgpu.a(p10.o)
                0x80015570                SetSemiTrans
 .text          0x800155a0       0x20 third_party/psyq/lib\libgpu.a(p20.o)
                0x800155a0                SetSprt8
 .text          0x800155c0       0x20 third_party/psyq/lib\libgpu.a(p26.o)
                0x800155c0                SetTile
 .text          0x800155e0       0xa0 third_party/psyq/lib\libgpu.a(p41.o)
                0x800155e0                SetDrawMode
 .text          0x80015680     0x2f00 third_party/psyq/lib\libgpu.a(sys.o)
                0x80015680                ResetGraph
                0x800157f4                SetGraphDebug
                0x80015850                SetGraphQueue
                0x800158f4                GetGraphDebug
                0x80015904                DrawSyncCallback
                0x80015964                SetDispMask
                0x800159fc                DrawSync
                0x80015b80                ClearImage
                0x80015c10                ClearImage2
                0x80015ca8                LoadImage
                0x80015d08                StoreImage
                0x80015d68                MoveImage
                0x80015e20                ClearOTag
                0x80015ee8                ClearOTagR
                0x80015f94                DrawPrim
                0x80015ff0                DrawOTag
                0x80016060                PutDrawEnv
                0x80016120                DrawOTagEnv
                0x800161f8                GetDrawEnv
                0x8001622c                PutDispEnv
                0x80016724                GetDispEnv
                0x80016758                GetODE
                0x80016788                SetDrawArea
                0x80016808                SetDrawOffset
                0x80016848                SetDrawEnv
                0x80018118                LoadImage2
                0x80018204                StoreImage2
                0x800182f0                MoveImage2
                0x80018434                DrawOTag2
                0x80018530                _GPU_ResetCallback
 .text          0x80018580      0x190 third_party/psyq/lib\libgpu.a(t00.o)
                0x80018580                OpenTIM
                0x80018590                ReadTIM
 .text          0x80018710       0xf0 third_party/psyq/lib\libgpu.a(e00.o)
                0x80018710                LoadTPage
 .text          0x80018800       0x70 third_party/psyq/lib\libgpu.a(e02.o)
                0x80018800                LoadClut2
 .text          0x80018870       0x40 third_party/psyq/lib\libgpu.a(p00.o)
                0x80018870                GetTPage
 .text          0x800188b0       0x20 third_party/psyq/lib\libgpu.a(p01.o)
                0x800188b0                GetClut
 .text          0x800188d0      0x290 third_party/psyq/lib\libgte.a(fgo_01.o)
                0x800188d0                RotMatrix
 .text          0x80018b60       0xd0 third_party/psyq/lib\libgte.a(geo_00.o)
                0x80018b60                rsin
                0x80018b9c                sin_1
 .text          0x80018c30       0x90 third_party/psyq/lib\libgte.a(msc00.o)
                0x80018c38                InitGeom
 .text          0x80018cc0       0x30 third_party/psyq/lib\libgte.a(mtx_07.o)
                0x80018cc0                TransMatrix
 .text          0x80018cf0       0x30 third_party/psyq/lib\libgte.a(mtx_09.o)
                0x80018cf0                SetRotMatrix
 .text          0x80018d20       0x20 third_party/psyq/lib\libgte.a(mtx_12.o)
                0x80018d20                SetTransMatrix
 .text          0x80018d40       0xe0 third_party/psyq/lib\libgte.a(patchgte.o)
                0x80018d40                _patch_gte
 .text          0x80018e20       0x30 third_party/psyq/lib\libgte.a(smp_04.o)
                0x80018e20                RotTrans
 .text          0x80018e50       0x10 third_party/psyq/lib\libapi.a(a22.o)
                0x80018e50                PAD_dr
 .text          0x80018e60       0x10 third_party/psyq/lib\libapi.a(a23.o)
                0x80018e60                ReturnFromException
 .text          0x80018e70       0x10 third_party/psyq/lib\libapi.a(a24.o)
                0x80018e70                ResetEntryInt
 .text          0x80018e80       0x10 third_party/psyq/lib\libapi.a(a25.o)
                0x80018e80                HookEntryInt
 .text          0x80018e90       0x10 third_party/psyq/lib\libapi.a(a36.o)
                0x80018e90                EnterCriticalSection
 .text          0x80018ea0       0x10 third_party/psyq/lib\libapi.a(a37.o)
                0x80018ea0                ExitCriticalSection
 .text          0x80018eb0       0x10 third_party/psyq/lib\libapi.a(a91.o)
                0x80018eb0                ChangeClearPAD
 .text          0x80018ec0       0x20 third_party/psyq/lib\libapi.a(c114.o)
                0x80018ec8                _96_remove
 .text          0x80018ee0       0x10 third_party/psyq/lib\libapi.a(c68.o)
                0x80018ee0                FlushCache
 .text          0x80018ef0       0x10 third_party/psyq/lib\libapi.a(c73.o)
                0x80018ef0                GPU_cw
 .text          0x80018f00       0x10 third_party/psyq/lib\libapi.a(l10.o)
                0x80018f00                ChangeClearRCnt
 .text          0x80018f10      0x290 third_party/psyq/lib\libapi.a(pad.o)
                0x80018f10                SetInitPadFlag
                0x80018f1c                ReadInitPadFlag
                0x80018f2c                PAD_init
                0x80018fbc                InitPAD
                0x8001904c                StartPAD
 .text          0x800191a0       0xa0 third_party/psyq/lib\libapi.a(patch.o)
                0x800191a0                EnablePAD
                0x800191b4                DisablePAD
                0x800191c8                _patch_pad
 .text          0x80019240       0x10 third_party/psyq/lib\libapi.a(a18.o)
                0x80019240                InitPAD2
 .text          0x80019250       0x10 third_party/psyq/lib\libapi.a(a19.o)
                0x80019250                StartPAD2
 .text          0x80019260       0x10 third_party/psyq/lib\libapi.a(a21.o)
                0x80019260                PAD_init2
 .text          0x80019270       0x70 third_party/psyq/lib\libapi.a(chclrpad.o)
                0x80019270                _remove_ChgclrPAD
 .text          0x800192e0       0x10 third_party/psyq/lib\libapi.a(l02.o)
                0x800192e0                SysEnqIntRP
 .text          0x800192f0       0x10 third_party/psyq/lib\libapi.a(l03.o)
                0x800192f0                SysDeqIntRP
 .text          0x80019300       0x20 third_party/psyq/lib\libc.a(a63.o)
                0x80019308                puts
 .text          0x80019320       0x10 third_party/psyq/lib\libc.a(c19.o)
                0x80019320                setjmp
 .text          0x80019330       0x10 third_party/psyq/lib\libc.a(c27.o)
                0x80019330                strlen
 .text          0x80019340       0x10 third_party/psyq/lib\libc.a(c42.o)
                0x80019340                memcpy
 .text          0x80019350       0x10 third_party/psyq/lib\libc.a(c43.o)
                0x80019350                memset
 .text          0x80019360       0x10 third_party/psyq/lib\libc.a(c63.o)
                0x80019360                printf
 .text          0x80019370       0x30 third_party/psyq/lib\libetc.a(vmode.o)
                0x80019370                SetVideoMode
                0x80019384                GetVideoMode
                0x800193a0                        . = ALIGN (0x10)
 *(.init)
                0x800193a0                        . = ALIGN (0x10)
 *(.fini)
                0x800193a0                        . = ALIGN (0x10)
                0x800193a0                        __text_end = .
                0x800193a0                        __ftext_end = ABSOLUTE (.)
                0x800193a0                        __fdata_start = ABSOLUTE (.)

.rodata         0x800193a0      0x3c0
 *(.rodata .rodata.* .rdata .rdata.* .gnu.linkonce.r.*)
 .rodata        0x800193a0       0x10 third_party/nugget/common/crt0/crt0.o
 .rodata        0x800193b0        0xb main.o
 *fill*         0x800193bb        0x5 
 .rdata         0x800193c0       0x10 third_party/psyq/lib\libetc.a(vsync.o)
 .rdata         0x800193d0       0x70 third_party/psyq/lib\libetc.a(intr.o)
 .rdata         0x80019440       0x30 third_party/psyq/lib\libetc.a(intr_dma.o)
 .rdata         0x80019470       0xa0 third_party/psyq/lib\libgpu.a(font.o)
 .rdata         0x80019510      0x220 third_party/psyq/lib\libgpu.a(sys.o)
 .rdata         0x80019730       0x30 third_party/psyq/lib\libgpu.a(t00.o)
                0x80019760                        . = ALIGN (0x10)
                0x80019760                        __preinit_array_start = .
 *(.preinit_array)
                0x80019760                        __preinit_array_end = .
                0x80019760                        . = ALIGN (0x10)
                0x80019760                        __init_array_start = .
 *(SORT_BY_NAME(.init_array.*))
 *(.init_array)
                0x80019760                        . = ALIGN (0x10)
 *crtbegin.o(.ctors)
 *(EXCLUDE_FILE(*crtend.o) .ctors)
 *(SORT_BY_NAME(.ctors.*))
 *crtend.o(.ctors)
                0x80019760                        __init_array_end = .
                0x80019760                        . = ALIGN (0x10)
                0x80019760                        __fini_array_start = .
 *(.fini_array)
 *(SORT_BY_NAME(.fini_array.*))
 *crtbegin.o(.dtors)
 *(EXCLUDE_FILE(*crtend.o) .dtors)
 *(SORT_BY_NAME(.dtors.*))
 *crtend.o(.dtors)
                0x80019760                        __fini_array_end = .
                0x80019760                        __build_id = .
 *(.note.gnu.build-id)
                0x80019760                        __build_id_end = .

.rel.dyn        0x80019760        0x0
 .rel.dyn       0x80019760        0x0 third_party/psyq/lib\libgpu.a(sys.o)

.rodata1
 *(.rodata1)
                0x80019760                        __data_start = .

.data           0x80019760    0x198a0
 *(.data .data.* .gnu.linkonce.d.*)
 .data          0x80019760        0x0 third_party/nugget/common/crt0/crt0.o
 .data          0x80019760    0x12b68 main.o
                0x80019760                tiles
                0x8002b778                map
                0x8002bdb8                projectionAngles
                0x8002c2b8                translation
 .data          0x8002c2c8       0x20 third_party/psyq/lib\libetc.a(vsync.o)
                0x8002c2d8                Hcount
 .data          0x8002c2e8     0x1100 third_party/psyq/lib\libetc.a(intr.o)
 .data          0x8002d3e8       0x30 third_party/psyq/lib\libetc.a(intr_dma.o)
 .data          0x8002d418       0x30 third_party/psyq/lib\libetc.a(intr_vb.o)
                0x8002d438                Vcount
 .data          0x8002d448      0xb90 third_party/psyq/lib\libgpu.a(font.o)
                0x8002d448                Font
 .data          0x8002dfd8      0x1a0 third_party/psyq/lib\libgpu.a(sys.o)
                0x8002e024                GPU_printf
                0x8002e028                GEnv
                0x8002e150                _qin
                0x8002e154                _qout
 .data          0x8002e178       0x10 third_party/psyq/lib\libgte.a(msc00.o)
 .data          0x8002e188      0x810 third_party/psyq/lib\libgte.a(sincos.o)
                0x8002e188                rsin_tbl
 .data          0x8002e998     0x4000 third_party/psyq/lib\libgte.a(cstbl.o)
                0x8002e998                rcossin_tbl
 .data          0x80032998       0x10 third_party/psyq/lib\libapi.a(pad.o)
 .data          0x800329a8       0x10 third_party/psyq/lib\libetc.a(vmode.o)
 *(.data1)
 *(.sdata .sdata.* .gnu.linkonce.s.*)
 .sdata         0x800329b8       0x10 main.o
                0x800329b8                tiles_size
                0x800329bc                playerSrc
                0x800329c4                resolution
 *(.sdata2 .sdata2.* .gnu.linkonce.s2.*)
 *(.got.plt)
 *(.got)
                0x80033000                        . = ALIGN (0x800)
 *fill*         0x800329c8      0x638 50414444
                0x80033000                        __data_end = .
                0x80033000                        __fdata_end = .
                0x80033000                        __bss_start = .

.sbss           0x80033000    0x11e08
 *(.dynsbss)
 *(.sbss .sbss.* .gnu.linkonce.sb.*)
 .sbss          0x80033000       0x30 main.o
                0x80033000                playerRayCell
                0x80033008                playerIntersectionPoint
                0x80033010                playerAngle
                0x80033014                playerMoving
                0x80033018                projPlaneDistance
                0x8003301c                tpage
                0x8003301e                tpageFloor
                0x80033020                w
                0x80033024                db
                0x80033028                rotation
 *(.scommon)
 *(.dynbss)
 *(.bss .bss.* .gnu.linkonce.b.*)
 .bss           0x80033030     0xc10c main.o
                0x80033030                image
                0x80033044                ot
                0x80033544                lines
                0x80034944                polys
                0x80037b44                floorAngles
                0x80037f04                disp
                0x80037f2c                draw
                0x8003809c                ceil
                0x8003a61c                floor
                0x8003cb9c                poly
                0x8003eadc                vertices
                0x8003f11c                matrix
 *fill*         0x8003f13c        0x4 
 .bss           0x8003f140       0x14 third_party/psyq/lib\libetc.a(pad.o)
                0x8003f150                PadIdentifier
 *fill*         0x8003f154        0x4 
 .bss           0x8003f158     0x4410 third_party/psyq/lib\libgpu.a(font.o)
 .bss           0x80043568     0x1850 third_party/psyq/lib\libgpu.a(sys.o)
                0x800435b8                _que
 .bss           0x80044db8       0x10 third_party/psyq/lib\libgpu.a(t00.o)
 .bss           0x80044dc8       0x10 third_party/psyq/lib\libgte.a(patchgte.o)
 .bss           0x80044dd8       0x10 third_party/psyq/lib\libapi.a(pad.o)
                0x80044dd8                _apiPadPatch
 .bss           0x80044de8       0x10 third_party/psyq/lib\libapi.a(patch.o)
 .bss           0x80044df8       0x10 third_party/psyq/lib\libapi.a(chclrpad.o)
 *(COMMON)
                0x80044e08                        . = ALIGN (0x4)
                0x80044e08                        __bss_end = .
                0x80044e08                        __heap_start = __heap_base
                0x8000f800                        . = (ADDR (.text) - 0x800)
                0x8000f800                        __end = .

/DISCARD/
 *(.MIPS.abiflags)

/DISCARD/
 *(.rel.iplt)
 *(.rela.iplt)
 *(.rel.plt)
 *(.rela.plt)
 *(.plt)
 *(.iplt)

/DISCARD/
 *(.note.GNU-stack)
 *(.gnu_debuglink)
 *(.gnu.lto_*)

.scratchpad
 *(.scratchpad)
OUTPUT(test009.elf elf32-littlemips)

.reginfo        0x00000000       0x18
 .reginfo       0x00000000       0x18 third_party/nugget/common/crt0/crt0.o

.pdr            0x00000000        0x0
 .pdr           0x00000000        0x0 third_party/nugget/common/crt0/crt0.o

.gnu.attributes
                0x00000000       0x10
 .gnu.attributes
                0x00000000       0x10 third_party/nugget/common/crt0/crt0.o
 .gnu.attributes
                0x00000010       0x10 main.o

.mdebug.abi32   0x00000000        0x0
 .mdebug.abi32  0x00000000        0x0 main.o

.comment        0x00000000       0x12
 .comment       0x00000000       0x12 main.o
                                 0x13 (size before relaxing)

.note           0x00000000     0x1960
 .note          0x00000000       0x74 third_party/psyq/lib\libetc.a(pad.o)
 .note          0x00000074       0x74 third_party/psyq/lib\libetc.a(vsync.o)
 .note          0x000000e8       0x74 third_party/psyq/lib\libetc.a(intr.o)
 .note          0x0000015c       0x74 third_party/psyq/lib\libetc.a(intr_dma.o)
 .note          0x000001d0       0x74 third_party/psyq/lib\libetc.a(intr_vb.o)
 .note          0x00000244       0x74 third_party/psyq/lib\libgpu.a(e03.o)
 .note          0x000002b8       0x74 third_party/psyq/lib\libgpu.a(e04.o)
 .note          0x0000032c       0x74 third_party/psyq/lib\libgpu.a(font.o)
 .note          0x000003a0       0x74 third_party/psyq/lib\libgpu.a(p06.o)
 .note          0x00000414       0x74 third_party/psyq/lib\libgpu.a(p09.o)
 .note          0x00000488       0x74 third_party/psyq/lib\libgpu.a(p10.o)
 .note          0x000004fc       0x74 third_party/psyq/lib\libgpu.a(p20.o)
 .note          0x00000570       0x74 third_party/psyq/lib\libgpu.a(p26.o)
 .note          0x000005e4       0x74 third_party/psyq/lib\libgpu.a(p41.o)
 .note          0x00000658       0x74 third_party/psyq/lib\libgpu.a(sys.o)
 .note          0x000006cc       0x74 third_party/psyq/lib\libgpu.a(t00.o)
 .note          0x00000740       0x74 third_party/psyq/lib\libgpu.a(e00.o)
 .note          0x000007b4       0x74 third_party/psyq/lib\libgpu.a(e02.o)
 .note          0x00000828       0x74 third_party/psyq/lib\libgpu.a(p00.o)
 .note          0x0000089c       0x74 third_party/psyq/lib\libgpu.a(p01.o)
 .note          0x00000910       0x74 third_party/psyq/lib\libgte.a(fgo_01.o)
 .note          0x00000984       0x74 third_party/psyq/lib\libgte.a(geo_00.o)
 .note          0x000009f8       0x74 third_party/psyq/lib\libgte.a(msc00.o)
 .note          0x00000a6c       0x74 third_party/psyq/lib\libgte.a(mtx_07.o)
 .note          0x00000ae0       0x74 third_party/psyq/lib\libgte.a(mtx_09.o)
 .note          0x00000b54       0x74 third_party/psyq/lib\libgte.a(mtx_12.o)
 .note          0x00000bc8       0x74 third_party/psyq/lib\libgte.a(patchgte.o)
 .note          0x00000c3c       0x74 third_party/psyq/lib\libgte.a(sincos.o)
 .note          0x00000cb0       0x74 third_party/psyq/lib\libgte.a(smp_04.o)
 .note          0x00000d24       0x74 third_party/psyq/lib\libgte.a(cstbl.o)
 .note          0x00000d98       0x74 third_party/psyq/lib\libapi.a(a22.o)
 .note          0x00000e0c       0x74 third_party/psyq/lib\libapi.a(a23.o)
 .note          0x00000e80       0x74 third_party/psyq/lib\libapi.a(a24.o)
 .note          0x00000ef4       0x74 third_party/psyq/lib\libapi.a(a25.o)
 .note          0x00000f68       0x74 third_party/psyq/lib\libapi.a(a36.o)
 .note          0x00000fdc       0x74 third_party/psyq/lib\libapi.a(a37.o)
 .note          0x00001050       0x74 third_party/psyq/lib\libapi.a(a91.o)
 .note          0x000010c4       0x74 third_party/psyq/lib\libapi.a(c114.o)
 .note          0x00001138       0x74 third_party/psyq/lib\libapi.a(c68.o)
 .note          0x000011ac       0x74 third_party/psyq/lib\libapi.a(c73.o)
 .note          0x00001220       0x74 third_party/psyq/lib\libapi.a(l10.o)
 .note          0x00001294       0x74 third_party/psyq/lib\libapi.a(pad.o)
 .note          0x00001308       0x74 third_party/psyq/lib\libapi.a(patch.o)
 .note          0x0000137c       0x74 third_party/psyq/lib\libapi.a(a18.o)
 .note          0x000013f0       0x74 third_party/psyq/lib\libapi.a(a19.o)
 .note          0x00001464       0x74 third_party/psyq/lib\libapi.a(a21.o)
 .note          0x000014d8       0x74 third_party/psyq/lib\libapi.a(chclrpad.o)
 .note          0x0000154c       0x74 third_party/psyq/lib\libapi.a(l02.o)
 .note          0x000015c0       0x74 third_party/psyq/lib\libapi.a(l03.o)
 .note          0x00001634       0x74 third_party/psyq/lib\libc.a(a63.o)
 .note          0x000016a8       0x74 third_party/psyq/lib\libc.a(c19.o)
 .note          0x0000171c       0x74 third_party/psyq/lib\libc.a(c27.o)
 .note          0x00001790       0x74 third_party/psyq/lib\libc.a(c42.o)
 .note          0x00001804       0x74 third_party/psyq/lib\libc.a(c43.o)
 .note          0x00001878       0x74 third_party/psyq/lib\libc.a(c63.o)
 .note          0x000018ec       0x74 third_party/psyq/lib\libetc.a(vmode.o)

.debug_line     0x00000000      0x805
 .debug_line    0x00000000       0x5b third_party/nugget/common/crt0/crt0.o
 .debug_line    0x0000005b      0x7aa main.o

.debug_line_str
                0x00000000       0x3d
 .debug_line_str
                0x00000000       0x3d third_party/nugget/common/crt0/crt0.o

.debug_info     0x00000000     0x12dc
 .debug_info    0x00000000       0x24 third_party/nugget/common/crt0/crt0.o
 .debug_info    0x00000024     0x12b8 main.o

.debug_abbrev   0x00000000      0x38b
 .debug_abbrev  0x00000000       0x14 third_party/nugget/common/crt0/crt0.o
 .debug_abbrev  0x00000014      0x377 main.o

.debug_aranges  0x00000000       0x90
 .debug_aranges
                0x00000000       0x20 third_party/nugget/common/crt0/crt0.o
 .debug_aranges
                0x00000020       0x70 main.o

.debug_str      0x00000000      0x666
 .debug_str     0x00000000       0x49 third_party/nugget/common/crt0/crt0.o
 .debug_str     0x00000049      0x61d main.o
                                0x657 (size before relaxing)

.debug_rnglists
                0x00000000       0x59
 .debug_rnglists
                0x00000000       0x59 main.o

.debug_frame    0x00000000      0x138
 .debug_frame   0x00000000      0x138 main.o
