Archive member included to satisfy reference by file (symbol)

third_party/psyq/lib\libetc.a(pad.o)
                              main.o (PadRead)
third_party/psyq/lib\libetc.a(vsync.o)
                              main.o (VSync)
third_party/psyq/lib\libetc.a(intr.o)
                              third_party/psyq/lib\libetc.a(pad.o) (ResetCallback)
third_party/psyq/lib\libetc.a(intr_dma.o)
                              third_party/psyq/lib\libetc.a(intr.o) (startIntrDMA)
third_party/psyq/lib\libetc.a(intr_vb.o)
                              third_party/psyq/lib\libetc.a(vsync.o) (Vcount)
third_party/psyq/lib\libgpu.a(e03.o)
                              main.o (SetDefDrawEnv)
third_party/psyq/lib\libgpu.a(e04.o)
                              main.o (SetDefDispEnv)
third_party/psyq/lib\libgpu.a(font.o)
                              main.o (FntFlush)
third_party/psyq/lib\libgpu.a(p06.o)
                              subdiv.o (AddPrim)
third_party/psyq/lib\libgpu.a(p09.o)
                              third_party/psyq/lib\libgpu.a(font.o) (TermPrim)
third_party/psyq/lib\libgpu.a(p10.o)
                              third_party/psyq/lib\libgpu.a(font.o) (SetSemiTrans)
third_party/psyq/lib\libgpu.a(p20.o)
                              third_party/psyq/lib\libgpu.a(font.o) (SetSprt8)
third_party/psyq/lib\libgpu.a(p26.o)
                              third_party/psyq/lib\libgpu.a(font.o) (SetTile)
third_party/psyq/lib\libgpu.a(p41.o)
                              third_party/psyq/lib\libgpu.a(font.o) (SetDrawMode)
third_party/psyq/lib\libgpu.a(sys.o)
                              main.o (LoadImage)
third_party/psyq/lib\libgpu.a(t00.o)
                              main.o (ReadTIM)
third_party/psyq/lib\libgpu.a(e00.o)
                              third_party/psyq/lib\libgpu.a(font.o) (LoadTPage)
third_party/psyq/lib\libgpu.a(e02.o)
                              third_party/psyq/lib\libgpu.a(font.o) (LoadClut2)
third_party/psyq/lib\libgpu.a(p00.o)
                              third_party/psyq/lib\libgpu.a(e00.o) (GetTPage)
third_party/psyq/lib\libgpu.a(p01.o)
                              third_party/psyq/lib\libgpu.a(e02.o) (GetClut)
third_party/psyq/lib\libgte.a(cmb_07.o)
                              subdiv.o (RotAverageNclip4)
third_party/psyq/lib\libgte.a(fgo_08.o)
                              main.o (RotMatrixZXY)
third_party/psyq/lib\libgte.a(geo_00.o)
                              main.o (rsin)
third_party/psyq/lib\libgte.a(msc00.o)
                              main.o (InitGeom)
third_party/psyq/lib\libgte.a(mtx_004.o)
                              main.o (ApplyMatrixLV)
third_party/psyq/lib\libgte.a(mtx_07.o)
                              main.o (TransMatrix)
third_party/psyq/lib\libgte.a(mtx_09.o)
                              main.o (SetRotMatrix)
third_party/psyq/lib\libgte.a(mtx_12.o)
                              main.o (SetTransMatrix)
third_party/psyq/lib\libgte.a(patchgte.o)
                              third_party/psyq/lib\libgte.a(msc00.o) (_patch_gte)
third_party/psyq/lib\libgte.a(reg12.o)
                              main.o (SetGeomOffset)
third_party/psyq/lib\libgte.a(reg13.o)
                              main.o (SetGeomScreen)
third_party/psyq/lib\libgte.a(sincos.o)
                              third_party/psyq/lib\libgte.a(geo_00.o) (rsin_tbl)
third_party/psyq/lib\libgte.a(cstbl.o)
                              third_party/psyq/lib\libgte.a(fgo_08.o) (rcossin_tbl)
third_party/psyq/lib\libapi.a(a22.o)
                              third_party/psyq/lib\libetc.a(pad.o) (PAD_dr)
third_party/psyq/lib\libapi.a(a23.o)
                              third_party/psyq/lib\libetc.a(intr.o) (ReturnFromException)
third_party/psyq/lib\libapi.a(a24.o)
                              third_party/psyq/lib\libetc.a(intr.o) (ResetEntryInt)
third_party/psyq/lib\libapi.a(a25.o)
                              third_party/psyq/lib\libetc.a(intr.o) (HookEntryInt)
third_party/psyq/lib\libapi.a(a36.o)
                              third_party/psyq/lib\libetc.a(intr.o) (EnterCriticalSection)
third_party/psyq/lib\libapi.a(a37.o)
                              third_party/psyq/lib\libetc.a(intr.o) (ExitCriticalSection)
third_party/psyq/lib\libapi.a(a91.o)
                              third_party/psyq/lib\libetc.a(pad.o) (ChangeClearPAD)
third_party/psyq/lib\libapi.a(c114.o)
                              third_party/psyq/lib\libetc.a(intr.o) (_96_remove)
third_party/psyq/lib\libapi.a(c68.o)
                              third_party/psyq/lib\libgte.a(patchgte.o) (FlushCache)
third_party/psyq/lib\libapi.a(c73.o)
                              third_party/psyq/lib\libgpu.a(sys.o) (GPU_cw)
third_party/psyq/lib\libapi.a(l10.o)
                              third_party/psyq/lib\libetc.a(vsync.o) (ChangeClearRCnt)
third_party/psyq/lib\libapi.a(pad.o)
                              third_party/psyq/lib\libetc.a(pad.o) (PAD_init)
third_party/psyq/lib\libapi.a(patch.o)
                              third_party/psyq/lib\libapi.a(pad.o) (_patch_pad)
third_party/psyq/lib\libapi.a(a18.o)
                              third_party/psyq/lib\libapi.a(pad.o) (InitPAD2)
third_party/psyq/lib\libapi.a(a19.o)
                              third_party/psyq/lib\libapi.a(pad.o) (StartPAD2)
third_party/psyq/lib\libapi.a(a21.o)
                              third_party/psyq/lib\libapi.a(pad.o) (PAD_init2)
third_party/psyq/lib\libapi.a(chclrpad.o)
                              third_party/psyq/lib\libapi.a(pad.o) (_remove_ChgclrPAD)
third_party/psyq/lib\libapi.a(l02.o)
                              third_party/psyq/lib\libapi.a(pad.o) (SysEnqIntRP)
third_party/psyq/lib\libapi.a(l03.o)
                              third_party/psyq/lib\libapi.a(pad.o) (SysDeqIntRP)
third_party/psyq/lib\libc.a(a63.o)
                              third_party/psyq/lib\libetc.a(vsync.o) (puts)
third_party/psyq/lib\libc.a(c19.o)
                              third_party/psyq/lib\libetc.a(intr.o) (setjmp)
third_party/psyq/lib\libc.a(c27.o)
                              third_party/psyq/lib\libgpu.a(font.o) (strlen)
third_party/psyq/lib\libc.a(c42.o)
                              third_party/psyq/lib\libgpu.a(sys.o) (memcpy)
third_party/psyq/lib\libc.a(c43.o)
                              third_party/psyq/lib\libgpu.a(font.o) (memset)
third_party/psyq/lib\libc.a(c63.o)
                              third_party/psyq/lib\libetc.a(intr.o) (printf)
third_party/psyq/lib\libetc.a(vmode.o)
                              third_party/psyq/lib\libgpu.a(e03.o) (GetVideoMode)

Discarded input sections

 .text          0x00000000        0x0 third_party/nugget/common/crt0/crt0.o
 .bss           0x00000000        0x0 third_party/nugget/common/crt0/crt0.o
 .MIPS.abiflags
                0x00000000       0x18 third_party/nugget/common/crt0/crt0.o
 .text          0x00000000        0x0 main.o
 .reginfo       0x00000000       0x18 main.o
 .MIPS.abiflags
                0x00000000       0x18 main.o
 .pdr           0x00000000      0x120 main.o
 .text          0x00000000        0x0 subdiv.o
 .reginfo       0x00000000       0x18 subdiv.o
 .MIPS.abiflags
                0x00000000       0x18 subdiv.o
 .pdr           0x00000000       0xc0 subdiv.o
 .text.drawWireframeQuad
                0x00000000      0x38c subdiv.o

Memory Configuration

Name             Origin             Length             Attributes
loader           0x8000f800         0x00000800
ram              0x80010000         0x001f0000         xrw
dcache           0x1f800000         0x00000400
*default*        0x00000000         0xffffffff

Linker script and memory map

LOAD third_party/nugget/common/crt0/crt0.o
LOAD main.o
LOAD subdiv.o
START GROUP
LOAD third_party/psyq/lib\libapi.a
LOAD third_party/psyq/lib\libc.a
LOAD third_party/psyq/lib\libc2.a
LOAD third_party/psyq/lib\libcard.a
LOAD third_party/psyq/lib\libcd.a
LOAD third_party/psyq/lib\libcomb.a
LOAD third_party/psyq/lib\libds.a
LOAD third_party/psyq/lib\libetc.a
LOAD third_party/psyq/lib\libgpu.a
LOAD third_party/psyq/lib\libgs.a
LOAD third_party/psyq/lib\libgte.a
LOAD third_party/psyq/lib\libgun.a
LOAD third_party/psyq/lib\libhmd.a
LOAD third_party/psyq/lib\libmath.a
LOAD third_party/psyq/lib\libmcrd.a
LOAD third_party/psyq/lib\libmcx.a
LOAD third_party/psyq/lib\libpad.a
LOAD third_party/psyq/lib\libpress.a
LOAD third_party/psyq/lib\libsio.a
LOAD third_party/psyq/lib\libsnd.a
LOAD third_party/psyq/lib\libspu.a
LOAD third_party/psyq/lib\libtap.a
END GROUP
                0x800f00d8                        __heap_base = __bss_end
                0x80010000                        TLOAD_ADDR = DEFINED (TLOAD_ADDR)?TLOAD_ADDR:0x80010000
                0x80200000                        __ram_top = (ORIGIN (ram) + LENGTH (ram))
                0x801fff00                        __sp = (__ram_top - 0x100)
                0x1f800000                        __dcache = ORIGIN (dcache)
                0x1f800400                        __dcache_top = (ORIGIN (dcache) + LENGTH (dcache))
                0x000be8d8                        __bss_len = (__bss_end - __bss_start)
                0x000083d0                        __ftext_len = (__ftext_end - __ftext_start)
                0x00019430                        __fdata_len = (__fdata_end - __fdata_start)
                0x80200000                        __stack_start = (ORIGIN (ram) + LENGTH (ram))

.PSX_EXE_Header
                0x8000f800      0x800
                0x8000f800        0x1 BYTE 0x50
                0x8000f801        0x1 BYTE 0x53
                0x8000f802        0x1 BYTE 0x2d
                0x8000f803        0x1 BYTE 0x58
                0x8000f804        0x1 BYTE 0x20
                0x8000f805        0x1 BYTE 0x45
                0x8000f806        0x1 BYTE 0x58
                0x8000f807        0x1 BYTE 0x45
                0x8000f808        0x4 LONG 0x0
                0x8000f80c        0x4 LONG 0x0
                0x8000f810        0x4 LONG 0x80010000 ABSOLUTE (_start)
                0x8000f814        0x4 LONG 0x0
                0x8000f818        0x4 LONG 0x80010000 TLOAD_ADDR
                0x8000f81c        0x4 LONG 0x21800 (__ftext_len + __fdata_len)
                0x8000f820        0x4 LONG 0x0
                0x8000f824        0x4 LONG 0x0
                0x8000f828        0x4 LONG 0x0
                0x8000f82c        0x4 LONG 0x0
                0x8000f830        0x4 LONG 0x801fff00 DEFINED (_sp)?ABSOLUTE (_sp):0x801fff00
                0x8000f834        0x4 LONG 0x0
                0x80010000                        . = (. + 0x7c8)
 *fill*         0x8000f838      0x7c8 
                0x80010000                        __ftext_start = ABSOLUTE (.)

.text           0x80010000     0x83d0
 *(.start)
 .start         0x80010000       0x64 third_party/nugget/common/crt0/crt0.o
                0x80010000                _start
 *(.init)
 *(SORT_NONE(.fini))
 *(.text.unlikely .text.*_unlikely .text.unlikely.*)
 *(.text.exit .text.exit.*)
 *(.text.startup .text.startup.*)
 *(.text.hot .text.hot.*)
 *(.text .stub .text.* .gnu.linkonce.t.*)
 .text.loadTexture
                0x80010064      0x13c main.o
                0x80010064                loadTexture
 .text.sin      0x800101a0      0x170 main.o
                0x800101a0                sin
 .text.cos      0x80010310       0x34 main.o
                0x80010310                cos
 .text.getMapTileId
                0x80010344       0x90 main.o
                0x80010344                getMapTileId
 .text.initAllVertices
                0x800103d4      0x268 main.o
                0x800103d4                initAllVertices
 .text.initAllFaces
                0x8001063c      0x984 main.o
                0x8001063c                initAllFaces
 .text.movePlayer
                0x80010fc0       0xf8 main.o
                0x80010fc0                movePlayer
 .text.render   0x800110b8      0x4c4 main.o
                0x800110b8                render
 .text.main     0x8001157c      0x268 main.o
                0x8001157c                main
 .text.initPolys
                0x800117e4      0x1a4 subdiv.o
                0x800117e4                initPolys
 .text.drawQuadRec
                0x80011988      0xfe0 subdiv.o
 .text.drawQuad
                0x80012968       0xc8 subdiv.o
                0x80012968                drawQuad
 .text.clearOT  0x80012a30       0x38 subdiv.o
                0x80012a30                clearOT
 .text.drawOT   0x80012a68       0x2c subdiv.o
                0x80012a68                drawOT
 *fill*         0x80012a94        0x4 
 .text          0x80012a98       0x80 third_party/psyq/lib\libetc.a(pad.o)
                0x80012a98                PadInit
                0x80012ae4                PadRead
 .text          0x80012b18      0x210 third_party/psyq/lib\libetc.a(vsync.o)
                0x80012b18                VSync
 .text          0x80012d28      0x6c0 third_party/psyq/lib\libetc.a(intr.o)
                0x80012d28                ResetCallback
                0x80012d58                InterruptCallback
                0x80012d88                DMACallback
                0x80012db8                VSyncCallback
                0x80012dec                VSyncCallbacks
                0x80012e1c                StopCallback
                0x80012e4c                RestartCallback
                0x80012e7c                CheckCallback
                0x80012e8c                GetIntrMask
                0x80012ea4                SetIntrMask
 .text          0x800133e8      0x2a0 third_party/psyq/lib\libetc.a(intr_dma.o)
                0x800133e8                startIntrDMA
 .text          0x80013688      0x120 third_party/psyq/lib\libetc.a(intr_vb.o)
                0x80013688                startIntrVSync
 .text          0x800137a8       0xc0 third_party/psyq/lib\libgpu.a(e03.o)
                0x800137a8                SetDefDrawEnv
 .text          0x80013868       0x40 third_party/psyq/lib\libgpu.a(e04.o)
                0x80013868                SetDefDispEnv
 .text          0x800138a8      0xa80 third_party/psyq/lib\libgpu.a(font.o)
                0x800138a8                SetDumpFnt
                0x800138e8                FntLoad
                0x80013988                FntOpen
                0x80013c44                FntFlush
                0x80013f60                FntPrint
 .text          0x80014328       0x40 third_party/psyq/lib\libgpu.a(p06.o)
                0x80014328                AddPrim
 .text          0x80014368       0x20 third_party/psyq/lib\libgpu.a(p09.o)
                0x80014368                TermPrim
 .text          0x80014388       0x30 third_party/psyq/lib\libgpu.a(p10.o)
                0x80014388                SetSemiTrans
 .text          0x800143b8       0x20 third_party/psyq/lib\libgpu.a(p20.o)
                0x800143b8                SetSprt8
 .text          0x800143d8       0x20 third_party/psyq/lib\libgpu.a(p26.o)
                0x800143d8                SetTile
 .text          0x800143f8       0xa0 third_party/psyq/lib\libgpu.a(p41.o)
                0x800143f8                SetDrawMode
 .text          0x80014498     0x2f00 third_party/psyq/lib\libgpu.a(sys.o)
                0x80014498                ResetGraph
                0x8001460c                SetGraphDebug
                0x80014668                SetGraphQueue
                0x8001470c                GetGraphDebug
                0x8001471c                DrawSyncCallback
                0x8001477c                SetDispMask
                0x80014814                DrawSync
                0x80014998                ClearImage
                0x80014a28                ClearImage2
                0x80014ac0                LoadImage
                0x80014b20                StoreImage
                0x80014b80                MoveImage
                0x80014c38                ClearOTag
                0x80014d00                ClearOTagR
                0x80014dac                DrawPrim
                0x80014e08                DrawOTag
                0x80014e78                PutDrawEnv
                0x80014f38                DrawOTagEnv
                0x80015010                GetDrawEnv
                0x80015044                PutDispEnv
                0x8001553c                GetDispEnv
                0x80015570                GetODE
                0x800155a0                SetDrawArea
                0x80015620                SetDrawOffset
                0x80015660                SetDrawEnv
                0x80016f30                LoadImage2
                0x8001701c                StoreImage2
                0x80017108                MoveImage2
                0x8001724c                DrawOTag2
                0x80017348                _GPU_ResetCallback
 .text          0x80017398      0x190 third_party/psyq/lib\libgpu.a(t00.o)
                0x80017398                OpenTIM
                0x800173a8                ReadTIM
 .text          0x80017528       0xf0 third_party/psyq/lib\libgpu.a(e00.o)
                0x80017528                LoadTPage
 .text          0x80017618       0x70 third_party/psyq/lib\libgpu.a(e02.o)
                0x80017618                LoadClut2
 .text          0x80017688       0x40 third_party/psyq/lib\libgpu.a(p00.o)
                0x80017688                GetTPage
 .text          0x800176c8       0x20 third_party/psyq/lib\libgpu.a(p01.o)
                0x800176c8                GetClut
 .text          0x800176e8       0xb0 third_party/psyq/lib\libgte.a(cmb_07.o)
                0x800176e8                RotAverageNclip4
 .text          0x80017798      0x290 third_party/psyq/lib\libgte.a(fgo_08.o)
                0x80017798                RotMatrixZXY
 .text          0x80017a28       0xd0 third_party/psyq/lib\libgte.a(geo_00.o)
                0x80017a28                rsin
                0x80017a64                sin_1
 .text          0x80017af8       0x90 third_party/psyq/lib\libgte.a(msc00.o)
                0x80017b00                InitGeom
 .text          0x80017b88      0x160 third_party/psyq/lib\libgte.a(mtx_004.o)
                0x80017b88                ApplyMatrixLV
 .text          0x80017ce8       0x30 third_party/psyq/lib\libgte.a(mtx_07.o)
                0x80017ce8                TransMatrix
 .text          0x80017d18       0x30 third_party/psyq/lib\libgte.a(mtx_09.o)
                0x80017d18                SetRotMatrix
 .text          0x80017d48       0x20 third_party/psyq/lib\libgte.a(mtx_12.o)
                0x80017d48                SetTransMatrix
 .text          0x80017d68       0xe0 third_party/psyq/lib\libgte.a(patchgte.o)
                0x80017d68                _patch_gte
 .text          0x80017e48       0x20 third_party/psyq/lib\libgte.a(reg12.o)
                0x80017e48                SetGeomOffset
 .text          0x80017e68       0x10 third_party/psyq/lib\libgte.a(reg13.o)
                0x80017e68                SetGeomScreen
 .text          0x80017e78       0x10 third_party/psyq/lib\libapi.a(a22.o)
                0x80017e78                PAD_dr
 .text          0x80017e88       0x10 third_party/psyq/lib\libapi.a(a23.o)
                0x80017e88                ReturnFromException
 .text          0x80017e98       0x10 third_party/psyq/lib\libapi.a(a24.o)
                0x80017e98                ResetEntryInt
 .text          0x80017ea8       0x10 third_party/psyq/lib\libapi.a(a25.o)
                0x80017ea8                HookEntryInt
 .text          0x80017eb8       0x10 third_party/psyq/lib\libapi.a(a36.o)
                0x80017eb8                EnterCriticalSection
 .text          0x80017ec8       0x10 third_party/psyq/lib\libapi.a(a37.o)
                0x80017ec8                ExitCriticalSection
 .text          0x80017ed8       0x10 third_party/psyq/lib\libapi.a(a91.o)
                0x80017ed8                ChangeClearPAD
 .text          0x80017ee8       0x20 third_party/psyq/lib\libapi.a(c114.o)
                0x80017ef0                _96_remove
 .text          0x80017f08       0x10 third_party/psyq/lib\libapi.a(c68.o)
                0x80017f08                FlushCache
 .text          0x80017f18       0x10 third_party/psyq/lib\libapi.a(c73.o)
                0x80017f18                GPU_cw
 .text          0x80017f28       0x10 third_party/psyq/lib\libapi.a(l10.o)
                0x80017f28                ChangeClearRCnt
 .text          0x80017f38      0x290 third_party/psyq/lib\libapi.a(pad.o)
                0x80017f38                SetInitPadFlag
                0x80017f44                ReadInitPadFlag
                0x80017f54                PAD_init
                0x80017fe4                InitPAD
                0x80018074                StartPAD
 .text          0x800181c8       0xa0 third_party/psyq/lib\libapi.a(patch.o)
                0x800181c8                EnablePAD
                0x800181dc                DisablePAD
                0x800181f0                _patch_pad
 .text          0x80018268       0x10 third_party/psyq/lib\libapi.a(a18.o)
                0x80018268                InitPAD2
 .text          0x80018278       0x10 third_party/psyq/lib\libapi.a(a19.o)
                0x80018278                StartPAD2
 .text          0x80018288       0x10 third_party/psyq/lib\libapi.a(a21.o)
                0x80018288                PAD_init2
 .text          0x80018298       0x70 third_party/psyq/lib\libapi.a(chclrpad.o)
                0x80018298                _remove_ChgclrPAD
 .text          0x80018308       0x10 third_party/psyq/lib\libapi.a(l02.o)
                0x80018308                SysEnqIntRP
 .text          0x80018318       0x10 third_party/psyq/lib\libapi.a(l03.o)
                0x80018318                SysDeqIntRP
 .text          0x80018328       0x20 third_party/psyq/lib\libc.a(a63.o)
                0x80018330                puts
 .text          0x80018348       0x10 third_party/psyq/lib\libc.a(c19.o)
                0x80018348                setjmp
 .text          0x80018358       0x10 third_party/psyq/lib\libc.a(c27.o)
                0x80018358                strlen
 .text          0x80018368       0x10 third_party/psyq/lib\libc.a(c42.o)
                0x80018368                memcpy
 .text          0x80018378       0x10 third_party/psyq/lib\libc.a(c43.o)
                0x80018378                memset
 .text          0x80018388       0x10 third_party/psyq/lib\libc.a(c63.o)
                0x80018388                printf
 .text          0x80018398       0x30 third_party/psyq/lib\libetc.a(vmode.o)
                0x80018398                SetVideoMode
                0x800183ac                GetVideoMode
                0x800183d0                        . = ALIGN (0x10)
 *fill*         0x800183c8        0x8 
 *(.init)
                0x800183d0                        . = ALIGN (0x10)
 *(.fini)
                0x800183d0                        . = ALIGN (0x10)
                0x800183d0                        __text_end = .
                0x800183d0                        __ftext_end = ABSOLUTE (.)
                0x800183d0                        __fdata_start = ABSOLUTE (.)

.rodata         0x800183d0      0x400
 *(.rodata .rodata.* .rdata .rdata.* .gnu.linkonce.r.*)
 .rodata        0x800183d0       0x10 third_party/nugget/common/crt0/crt0.o
 .rodata        0x800183e0       0x43 main.o
 *fill*         0x80018423        0x1 
 .rodata        0x80018424        0xc subdiv.o
                0x80018424                k
 .rdata         0x80018430       0x10 third_party/psyq/lib\libetc.a(vsync.o)
 .rdata         0x80018440       0x70 third_party/psyq/lib\libetc.a(intr.o)
 .rdata         0x800184b0       0x30 third_party/psyq/lib\libetc.a(intr_dma.o)
 .rdata         0x800184e0       0xa0 third_party/psyq/lib\libgpu.a(font.o)
 .rdata         0x80018580      0x220 third_party/psyq/lib\libgpu.a(sys.o)
 .rdata         0x800187a0       0x30 third_party/psyq/lib\libgpu.a(t00.o)
                0x800187d0                        . = ALIGN (0x10)
                0x800187d0                        __preinit_array_start = .
 *(.preinit_array)
                0x800187d0                        __preinit_array_end = .
                0x800187d0                        . = ALIGN (0x10)
                0x800187d0                        __init_array_start = .
 *(SORT_BY_NAME(.init_array.*))
 *(.init_array)
                0x800187d0                        . = ALIGN (0x10)
 *crtbegin.o(.ctors)
 *(EXCLUDE_FILE(*crtend.o) .ctors)
 *(SORT_BY_NAME(.ctors.*))
 *crtend.o(.ctors)
                0x800187d0                        __init_array_end = .
                0x800187d0                        . = ALIGN (0x10)
                0x800187d0                        __fini_array_start = .
 *(.fini_array)
 *(SORT_BY_NAME(.fini_array.*))
 *crtbegin.o(.dtors)
 *(EXCLUDE_FILE(*crtend.o) .dtors)
 *(SORT_BY_NAME(.dtors.*))
 *crtend.o(.dtors)
                0x800187d0                        __fini_array_end = .
                0x800187d0                        __build_id = .
 *(.note.gnu.build-id)
                0x800187d0                        __build_id_end = .

.rel.dyn        0x800187d0        0x0
 .rel.dyn       0x800187d0        0x0 third_party/psyq/lib\libgpu.a(sys.o)

.rodata1
 *(.rodata1)
                0x800187d0                        __data_start = .

.data           0x800187d0    0x19030
 *(.data .data.* .gnu.linkonce.d.*)
 .data          0x800187d0        0x0 third_party/nugget/common/crt0/crt0.o
 .data          0x800187d0    0x12428 main.o
                0x800187d0                tiles
                0x8002a7e8                map
                0x8002abe8                playerPosition
 .data          0x8002abf8        0x0 subdiv.o
 .data          0x8002abf8       0x20 third_party/psyq/lib\libetc.a(vsync.o)
                0x8002ac08                Hcount
 .data          0x8002ac18     0x1100 third_party/psyq/lib\libetc.a(intr.o)
 .data          0x8002bd18       0x30 third_party/psyq/lib\libetc.a(intr_dma.o)
 .data          0x8002bd48       0x30 third_party/psyq/lib\libetc.a(intr_vb.o)
                0x8002bd68                Vcount
 .data          0x8002bd78      0xb90 third_party/psyq/lib\libgpu.a(font.o)
                0x8002bd78                Font
 .data          0x8002c908      0x1a0 third_party/psyq/lib\libgpu.a(sys.o)
                0x8002c954                GPU_printf
                0x8002c958                GEnv
                0x8002ca80                _qin
                0x8002ca84                _qout
 .data          0x8002caa8       0x10 third_party/psyq/lib\libgte.a(msc00.o)
 .data          0x8002cab8      0x810 third_party/psyq/lib\libgte.a(sincos.o)
                0x8002cab8                rsin_tbl
 .data          0x8002d2c8     0x4000 third_party/psyq/lib\libgte.a(cstbl.o)
                0x8002d2c8                rcossin_tbl
 .data          0x800312c8       0x10 third_party/psyq/lib\libapi.a(pad.o)
 .data          0x800312d8       0x10 third_party/psyq/lib\libetc.a(vmode.o)
 *(.data1)
 *(.sdata .sdata.* .gnu.linkonce.s.*)
 .sdata         0x800312e8        0x4 main.o
                0x800312e8                tiles_size
 *(.sdata2 .sdata2.* .gnu.linkonce.s2.*)
 *(.got.plt)
 *(.got)
                0x80031800                        . = ALIGN (0x800)
 *fill*         0x800312ec      0x514 50414444
                0x80031800                        __data_end = .
                0x80031800                        __fdata_end = .
                0x80031800                        __bss_start = .

.sbss           0x80031800    0xbe8d8
 *(.dynsbss)
 *(.sbss .sbss.* .gnu.linkonce.sb.*)
 .sbss          0x80031800       0x14 main.o
                0x80031800                db
                0x80031804                tpage
                0x80031808                facesCount
                0x8003180c                playerDirection
 .sbss          0x80031814        0x4 subdiv.o
                0x80031814                pi
 *(.scommon)
 *(.dynbss)
 *(.bss .bss.* .gnu.linkonce.b.*)
 .bss           0x80031818    0x238f4 main.o
                0x80031818                disp
                0x80031840                draw
                0x800318f8                ot
                0x800518f8                image
                0x8005190c                vertices
                0x8005290c                faces
                0x8005490c                facesType
 .bss           0x8005510c    0x95300 subdiv.o
                0x8005510c                oot
                0x8007510c                polys
                0x8009c20c                vvm01
                0x800a3f0c                vvm02
                0x800abc0c                vvm03
                0x800b390c                vvm12
                0x800bb60c                vvm32
                0x800c330c                stm01
                0x800cb00c                stm02
                0x800d2d0c                stm03
                0x800daa0c                stm12
                0x800e270c                stm32
 *fill*         0x800ea40c        0x4 
 .bss           0x800ea410       0x14 third_party/psyq/lib\libetc.a(pad.o)
                0x800ea420                PadIdentifier
 *fill*         0x800ea424        0x4 
 .bss           0x800ea428     0x4410 third_party/psyq/lib\libgpu.a(font.o)
 .bss           0x800ee838     0x1850 third_party/psyq/lib\libgpu.a(sys.o)
                0x800ee888                _que
 .bss           0x800f0088       0x10 third_party/psyq/lib\libgpu.a(t00.o)
 .bss           0x800f0098       0x10 third_party/psyq/lib\libgte.a(patchgte.o)
 .bss           0x800f00a8       0x10 third_party/psyq/lib\libapi.a(pad.o)
                0x800f00a8                _apiPadPatch
 .bss           0x800f00b8       0x10 third_party/psyq/lib\libapi.a(patch.o)
 .bss           0x800f00c8       0x10 third_party/psyq/lib\libapi.a(chclrpad.o)
 *(COMMON)
                0x800f00d8                        . = ALIGN (0x4)
                0x800f00d8                        __bss_end = .
                0x800f00d8                        __heap_start = __heap_base
                0x8000f800                        . = (ADDR (.text) - 0x800)
                0x8000f800                        __end = .

/DISCARD/
 *(.MIPS.abiflags)

/DISCARD/
 *(.rel.iplt)
 *(.rela.iplt)
 *(.rel.plt)
 *(.rela.plt)
 *(.plt)
 *(.iplt)

/DISCARD/
 *(.note.GNU-stack)
 *(.gnu_debuglink)
 *(.gnu.lto_*)

.scratchpad
 *(.scratchpad)
OUTPUT(test_subdiv_004.elf elf32-littlemips)

.reginfo        0x00000000       0x18
 .reginfo       0x00000000       0x18 third_party/nugget/common/crt0/crt0.o

.pdr            0x00000000        0x0
 .pdr           0x00000000        0x0 third_party/nugget/common/crt0/crt0.o

.gnu.attributes
                0x00000000       0x10
 .gnu.attributes
                0x00000000       0x10 third_party/nugget/common/crt0/crt0.o
 .gnu.attributes
                0x00000010       0x10 main.o
 .gnu.attributes
                0x00000020       0x10 subdiv.o

.mdebug.abi32   0x00000000        0x0
 .mdebug.abi32  0x00000000        0x0 main.o
 .mdebug.abi32  0x00000000        0x0 subdiv.o

.comment        0x00000000       0x12
 .comment       0x00000000       0x12 main.o
                                 0x13 (size before relaxing)
 .comment       0x00000012       0x13 subdiv.o

.note           0x00000000     0x1abc
 .note          0x00000000       0x74 third_party/psyq/lib\libetc.a(pad.o)
 .note          0x00000074       0x74 third_party/psyq/lib\libetc.a(vsync.o)
 .note          0x000000e8       0x74 third_party/psyq/lib\libetc.a(intr.o)
 .note          0x0000015c       0x74 third_party/psyq/lib\libetc.a(intr_dma.o)
 .note          0x000001d0       0x74 third_party/psyq/lib\libetc.a(intr_vb.o)
 .note          0x00000244       0x74 third_party/psyq/lib\libgpu.a(e03.o)
 .note          0x000002b8       0x74 third_party/psyq/lib\libgpu.a(e04.o)
 .note          0x0000032c       0x74 third_party/psyq/lib\libgpu.a(font.o)
 .note          0x000003a0       0x74 third_party/psyq/lib\libgpu.a(p06.o)
 .note          0x00000414       0x74 third_party/psyq/lib\libgpu.a(p09.o)
 .note          0x00000488       0x74 third_party/psyq/lib\libgpu.a(p10.o)
 .note          0x000004fc       0x74 third_party/psyq/lib\libgpu.a(p20.o)
 .note          0x00000570       0x74 third_party/psyq/lib\libgpu.a(p26.o)
 .note          0x000005e4       0x74 third_party/psyq/lib\libgpu.a(p41.o)
 .note          0x00000658       0x74 third_party/psyq/lib\libgpu.a(sys.o)
 .note          0x000006cc       0x74 third_party/psyq/lib\libgpu.a(t00.o)
 .note          0x00000740       0x74 third_party/psyq/lib\libgpu.a(e00.o)
 .note          0x000007b4       0x74 third_party/psyq/lib\libgpu.a(e02.o)
 .note          0x00000828       0x74 third_party/psyq/lib\libgpu.a(p00.o)
 .note          0x0000089c       0x74 third_party/psyq/lib\libgpu.a(p01.o)
 .note          0x00000910       0x74 third_party/psyq/lib\libgte.a(cmb_07.o)
 .note          0x00000984       0x74 third_party/psyq/lib\libgte.a(fgo_08.o)
 .note          0x000009f8       0x74 third_party/psyq/lib\libgte.a(geo_00.o)
 .note          0x00000a6c       0x74 third_party/psyq/lib\libgte.a(msc00.o)
 .note          0x00000ae0       0x74 third_party/psyq/lib\libgte.a(mtx_004.o)
 .note          0x00000b54       0x74 third_party/psyq/lib\libgte.a(mtx_07.o)
 .note          0x00000bc8       0x74 third_party/psyq/lib\libgte.a(mtx_09.o)
 .note          0x00000c3c       0x74 third_party/psyq/lib\libgte.a(mtx_12.o)
 .note          0x00000cb0       0x74 third_party/psyq/lib\libgte.a(patchgte.o)
 .note          0x00000d24       0x74 third_party/psyq/lib\libgte.a(reg12.o)
 .note          0x00000d98       0x74 third_party/psyq/lib\libgte.a(reg13.o)
 .note          0x00000e0c       0x74 third_party/psyq/lib\libgte.a(sincos.o)
 .note          0x00000e80       0x74 third_party/psyq/lib\libgte.a(cstbl.o)
 .note          0x00000ef4       0x74 third_party/psyq/lib\libapi.a(a22.o)
 .note          0x00000f68       0x74 third_party/psyq/lib\libapi.a(a23.o)
 .note          0x00000fdc       0x74 third_party/psyq/lib\libapi.a(a24.o)
 .note          0x00001050       0x74 third_party/psyq/lib\libapi.a(a25.o)
 .note          0x000010c4       0x74 third_party/psyq/lib\libapi.a(a36.o)
 .note          0x00001138       0x74 third_party/psyq/lib\libapi.a(a37.o)
 .note          0x000011ac       0x74 third_party/psyq/lib\libapi.a(a91.o)
 .note          0x00001220       0x74 third_party/psyq/lib\libapi.a(c114.o)
 .note          0x00001294       0x74 third_party/psyq/lib\libapi.a(c68.o)
 .note          0x00001308       0x74 third_party/psyq/lib\libapi.a(c73.o)
 .note          0x0000137c       0x74 third_party/psyq/lib\libapi.a(l10.o)
 .note          0x000013f0       0x74 third_party/psyq/lib\libapi.a(pad.o)
 .note          0x00001464       0x74 third_party/psyq/lib\libapi.a(patch.o)
 .note          0x000014d8       0x74 third_party/psyq/lib\libapi.a(a18.o)
 .note          0x0000154c       0x74 third_party/psyq/lib\libapi.a(a19.o)
 .note          0x000015c0       0x74 third_party/psyq/lib\libapi.a(a21.o)
 .note          0x00001634       0x74 third_party/psyq/lib\libapi.a(chclrpad.o)
 .note          0x000016a8       0x74 third_party/psyq/lib\libapi.a(l02.o)
 .note          0x0000171c       0x74 third_party/psyq/lib\libapi.a(l03.o)
 .note          0x00001790       0x74 third_party/psyq/lib\libc.a(a63.o)
 .note          0x00001804       0x74 third_party/psyq/lib\libc.a(c19.o)
 .note          0x00001878       0x74 third_party/psyq/lib\libc.a(c27.o)
 .note          0x000018ec       0x74 third_party/psyq/lib\libc.a(c42.o)
 .note          0x00001960       0x74 third_party/psyq/lib\libc.a(c43.o)
 .note          0x000019d4       0x74 third_party/psyq/lib\libc.a(c63.o)
 .note          0x00001a48       0x74 third_party/psyq/lib\libetc.a(vmode.o)

.debug_line     0x00000000      0xa56
 .debug_line    0x00000000       0x5b third_party/nugget/common/crt0/crt0.o
 .debug_line    0x0000005b      0x581 main.o
 .debug_line    0x000005dc      0x47a subdiv.o

.debug_line_str
                0x00000000       0x45
 .debug_line_str
                0x00000000       0x45 third_party/nugget/common/crt0/crt0.o

.debug_info     0x00000000     0x13d9
 .debug_info    0x00000000       0x24 third_party/nugget/common/crt0/crt0.o
 .debug_info    0x00000024      0xabd main.o
 .debug_info    0x00000ae1      0x8f8 subdiv.o

.debug_abbrev   0x00000000      0x53a
 .debug_abbrev  0x00000000       0x14 third_party/nugget/common/crt0/crt0.o
 .debug_abbrev  0x00000014      0x303 main.o
 .debug_abbrev  0x00000317      0x223 subdiv.o

.debug_aranges  0x00000000       0xc8
 .debug_aranges
                0x00000000       0x20 third_party/nugget/common/crt0/crt0.o
 .debug_aranges
                0x00000020       0x60 main.o
 .debug_aranges
                0x00000080       0x48 subdiv.o

.debug_str      0x00000000      0x57f
 .debug_str     0x00000000       0x51 third_party/nugget/common/crt0/crt0.o
 .debug_str     0x00000051      0x435 main.o
                                0x45f (size before relaxing)
 .debug_str     0x00000486       0xf9 subdiv.o
                                0x2eb (size before relaxing)

.debug_rnglists
                0x00000000       0x80
 .debug_rnglists
                0x00000000       0x4b main.o
 .debug_rnglists
                0x0000004b       0x35 subdiv.o

.debug_frame    0x00000000      0x1b0
 .debug_frame   0x00000000       0xf8 main.o
 .debug_frame   0x000000f8       0xb8 subdiv.o
